Component: ARM Compiler 5.06 update 1 (build 61) Tool: armlink [4d35a8]

==============================================================================

Section Cross References

    main.o(i.main) refers to _printf_percent.o(.ARM.Collect$$_printf_percent$$00000000) for _printf_percent
    main.o(i.main) refers to _printf_d.o(.ARM.Collect$$_printf_percent$$00000009) for _printf_d
    main.o(i.main) refers to _printf_dec.o(.text) for _printf_int_dec
    main.o(i.main) refers to bsp.o(i.systick_init) for systick_init
    main.o(i.main) refers to comm_uart.o(i.Comm_UART_Init) for Comm_UART_Init
    main.o(i.main) refers to esp_uart.o(i.ESP_UART_Init) for ESP_UART_Init
    main.o(i.main) refers to bsp.o(i.LED_INIT) for LED_INIT
    main.o(i.main) refers to bsp.o(i.BUTTON_INIT) for BUTTON_INIT
    main.o(i.main) refers to bsp.o(i.MATRIX_Display_GPIO_INIT) for MATRIX_Display_GPIO_INIT
    main.o(i.main) refers to matrix_disp.o(i.MATRIX_DISP_INIT) for MATRIX_DISP_INIT
    main.o(i.main) refers to matrix_disp.o(i.MATRIX_DISP_CLEAR) for MATRIX_DISP_CLEAR
    main.o(i.main) refers to esp_app.o(i.ESP_Init) for ESP_Init
    main.o(i.main) refers to noretval__2sprintf.o(.text) for __2sprintf
    main.o(i.main) refers to comm_uart.o(i.Comm_SendStringIn_tx_Buff) for Comm_SendStringIn_tx_Buff
    main.o(i.main) refers to esp_uart.o(i.ESP_CheckForString) for ESP_CheckForString
    main.o(i.main) refers to esp_app.o(i.ESP_GetLinkID) for ESP_GetLinkID
    main.o(i.main) refers to esp_app.o(i.web_page_manager) for web_page_manager
    main.o(i.main) refers to esp_uart.o(i.ESP_UART_Flush) for ESP_UART_Flush
    main.o(i.main) refers to matrix_disp.o(i.MATRIX_DISP_Scroll_String) for MATRIX_DISP_Scroll_String
    main.o(i.main) refers to bsp.o(i.DelayMs) for DelayMs
    main.o(i.main) refers to main.o(.bss) for DEBUG
    main.o(i.main) refers to main.o(.data) for wifi_status
    comm_uart.o(i.Comm_FeedbackLoop) refers to comm_uart.o(i.Is_Comm_rx_Available) for Is_Comm_rx_Available
    comm_uart.o(i.Comm_FeedbackLoop) refers to comm_uart.o(i.Comm_ReadFrom_rx_Buff) for Comm_ReadFrom_rx_Buff
    comm_uart.o(i.Comm_FeedbackLoop) refers to comm_uart.o(i.Comm_StoreIn_tx_Buff) for Comm_StoreIn_tx_Buff
    comm_uart.o(i.Comm_ReadFrom_rx_Buff) refers to comm_uart.o(.bss) for comm_rx
    comm_uart.o(i.Comm_SendStringIn_tx_Buff) refers to comm_uart.o(i.Comm_StoreIn_tx_Buff) for Comm_StoreIn_tx_Buff
    comm_uart.o(i.Comm_StoreIn_rx_Buff) refers to comm_uart.o(.bss) for comm_rx
    comm_uart.o(i.Comm_StoreIn_tx_Buff) refers to comm_uart.o(.bss) for comm_tx
    comm_uart.o(i.Comm_UART_Flush) refers to rt_memclr_w.o(.text) for __aeabi_memclr4
    comm_uart.o(i.Comm_UART_Flush) refers to comm_uart.o(.bss) for comm_rx
    comm_uart.o(i.Is_Comm_rx_Available) refers to comm_uart.o(.bss) for comm_rx
    comm_uart.o(i.USART1_IRQHandler) refers to comm_uart.o(i.Comm_StoreIn_rx_Buff) for Comm_StoreIn_rx_Buff
    comm_uart.o(i.USART1_IRQHandler) refers to comm_uart.o(.bss) for comm_tx
    esp_uart.o(i.ESP_CheckForString) refers to bsp.o(i.DelayMs) for DelayMs
    esp_uart.o(i.ESP_CheckForString) refers to strlen.o(.text) for strlen
    esp_uart.o(i.ESP_CheckForString) refers to esp_uart.o(.bss) for esp_rx
    esp_uart.o(i.ESP_CopyUpto) refers to strlen.o(.text) for strlen
    esp_uart.o(i.ESP_FeedbackLoop) refers to esp_uart.o(i.Is_ESP_rx_Available) for Is_ESP_rx_Available
    esp_uart.o(i.ESP_FeedbackLoop) refers to esp_uart.o(i.ESP_ReadFrom_rx_Buff) for ESP_ReadFrom_rx_Buff
    esp_uart.o(i.ESP_FeedbackLoop) refers to esp_uart.o(i.ESP_StoreIn_tx_Buff) for ESP_StoreIn_tx_Buff
    esp_uart.o(i.ESP_GetAfter) refers to strlen.o(.text) for strlen
    esp_uart.o(i.ESP_GetAfter) refers to esp_uart.o(.bss) for esp_rx
    esp_uart.o(i.ESP_ReadFrom_rx_Buff) refers to esp_uart.o(.bss) for esp_rx
    esp_uart.o(i.ESP_SendCommand) refers to esp_uart.o(i.ESP_UART_Flush) for ESP_UART_Flush
    esp_uart.o(i.ESP_SendCommand) refers to esp_uart.o(i.ESP_SendStringIn_tx_Buff) for ESP_SendStringIn_tx_Buff
    esp_uart.o(i.ESP_SendCommand) refers to noretval__2sprintf.o(.text) for __2sprintf
    esp_uart.o(i.ESP_SendCommand) refers to comm_uart.o(i.Comm_SendStringIn_tx_Buff) for Comm_SendStringIn_tx_Buff
    esp_uart.o(i.ESP_SendCommand) refers to esp_uart.o(i.ESP_CheckForString) for ESP_CheckForString
    esp_uart.o(i.ESP_SendCommand) refers to esp_uart.o(.bss) for DEBUG1
    esp_uart.o(i.ESP_SendStringIn_tx_Buff) refers to esp_uart.o(i.ESP_StoreIn_tx_Buff) for ESP_StoreIn_tx_Buff
    esp_uart.o(i.ESP_StoreIn_rx_Buff) refers to esp_uart.o(.bss) for esp_rx
    esp_uart.o(i.ESP_StoreIn_tx_Buff) refers to esp_uart.o(.bss) for esp_tx
    esp_uart.o(i.ESP_UART_Flush) refers to rt_memclr_w.o(.text) for __aeabi_memclr4
    esp_uart.o(i.ESP_UART_Flush) refers to esp_uart.o(.bss) for esp_rx
    esp_uart.o(i.GetData_From_Web) refers to rt_memclr_w.o(.text) for __aeabi_memclr4
    esp_uart.o(i.GetData_From_Web) refers to esp_uart.o(i.ESP_GetAfter) for ESP_GetAfter
    esp_uart.o(i.GetData_From_Web) refers to esp_uart.o(i.ESP_CopyUpto) for ESP_CopyUpto
    esp_uart.o(i.GetData_From_Web) refers to comm_uart.o(i.Comm_SendStringIn_tx_Buff) for Comm_SendStringIn_tx_Buff
    esp_uart.o(i.GetData_From_Web) refers to esp_uart.o(.bss) for string_buffer
    esp_uart.o(i.Is_ESP_rx_Available) refers to esp_uart.o(.bss) for esp_rx
    esp_uart.o(i.USART2_IRQHandler) refers to esp_uart.o(i.ESP_StoreIn_rx_Buff) for ESP_StoreIn_rx_Buff
    esp_uart.o(i.USART2_IRQHandler) refers to esp_uart.o(.bss) for esp_tx
    bsp.o(i.DelayMs) refers to bsp.o(i.DelayMillis) for DelayMillis
    bsp.o(i.EXTI0_IRQHandler) refers to bsp.o(i.LED_Function) for LED_Function
    bsp.o(i.EXTI0_IRQHandler) refers to bsp.o(i.DelayMs) for DelayMs
    bsp.o(i.EXTI0_IRQHandler) refers to main.o(.data) for wifi_status
    bsp.o(i.LED_Function) refers to bsp.o(i.LED_Toggle) for LED_Toggle
    bsp.o(i.LED_Function) refers to main.o(.data) for led_status
    bsp.o(i.LED_Toggle) refers to bsp.o(i.DelayMs) for DelayMs
    bsp.o(i.LED_Toggle) refers to main.o(.data) for wifi_status
    esp_app.o(i.ESP_GetLinkID) refers to esp_uart.o(i.ESP_GetAfter) for ESP_GetAfter
    esp_app.o(i.ESP_Init) refers to _printf_percent.o(.ARM.Collect$$_printf_percent$$00000000) for _printf_percent
    esp_app.o(i.ESP_Init) refers to _printf_s.o(.ARM.Collect$$_printf_percent$$00000014) for _printf_s
    esp_app.o(i.ESP_Init) refers to _printf_str.o(.text) for _printf_str
    esp_app.o(i.ESP_Init) refers to esp_uart.o(i.ESP_SendCommand) for ESP_SendCommand
    esp_app.o(i.ESP_Init) refers to noretval__2sprintf.o(.text) for __2sprintf
    esp_app.o(i.ESP_Init) refers to esp_uart.o(i.ESP_UART_Flush) for ESP_UART_Flush
    esp_app.o(i.ESP_Send_WebPage) refers to _printf_percent.o(.ARM.Collect$$_printf_percent$$00000000) for _printf_percent
    esp_app.o(i.ESP_Send_WebPage) refers to _printf_d.o(.ARM.Collect$$_printf_percent$$00000009) for _printf_d
    esp_app.o(i.ESP_Send_WebPage) refers to _printf_dec.o(.text) for _printf_int_dec
    esp_app.o(i.ESP_Send_WebPage) refers to strlen.o(.text) for strlen
    esp_app.o(i.ESP_Send_WebPage) refers to esp_uart.o(i.ESP_UART_Flush) for ESP_UART_Flush
    esp_app.o(i.ESP_Send_WebPage) refers to noretval__2sprintf.o(.text) for __2sprintf
    esp_app.o(i.ESP_Send_WebPage) refers to esp_uart.o(i.ESP_SendCommand) for ESP_SendCommand
    esp_app.o(i.ESP_Send_WebPage) refers to esp_uart.o(i.ESP_SendStringIn_tx_Buff) for ESP_SendStringIn_tx_Buff
    esp_app.o(i.web_page_manager) refers to esp_uart.o(i.ESP_CheckForString) for ESP_CheckForString
    esp_app.o(i.web_page_manager) refers to comm_uart.o(i.Comm_SendStringIn_tx_Buff) for Comm_SendStringIn_tx_Buff
    esp_app.o(i.web_page_manager) refers to esp_uart.o(i.GetData_From_Web) for GetData_From_Web
    esp_app.o(i.web_page_manager) refers to esp_app.o(i.ESP_Send_WebPage) for ESP_Send_WebPage
    esp_app.o(i.web_page_manager) refers to esp_app.o(.data) for page1
    esp_app.o(.data) refers to esp_app.o(.conststring) for .conststring
    matrix_disp.o(i.MATRIX_DISP_CHAR) refers to matrix_disp.o(i.write_to_Display) for write_to_Display
    matrix_disp.o(i.MATRIX_DISP_CHAR) refers to bsp.o(i.DelayMs) for DelayMs
    matrix_disp.o(i.MATRIX_DISP_CHAR) refers to matrix_disp.o(.data) for disp1ay
    matrix_disp.o(i.MATRIX_DISP_CLEAR) refers to matrix_disp.o(i.write_to_Display) for write_to_Display
    matrix_disp.o(i.MATRIX_DISP_CLEAR) refers to bsp.o(i.DelayMs) for DelayMs
    matrix_disp.o(i.MATRIX_DISP_CLEAR) refers to matrix_disp.o(.data) for display_clear
    matrix_disp.o(i.MATRIX_DISP_INIT) refers to matrix_disp.o(i.write_to_Display) for write_to_Display
    matrix_disp.o(i.MATRIX_DISP_Scroll) refers to matrix_disp.o(i.write_to_Display) for write_to_Display
    matrix_disp.o(i.MATRIX_DISP_Scroll) refers to bsp.o(i.DelayMs) for DelayMs
    matrix_disp.o(i.MATRIX_DISP_Scroll_String) refers to _printf_percent.o(.ARM.Collect$$_printf_percent$$00000000) for _printf_percent
    matrix_disp.o(i.MATRIX_DISP_Scroll_String) refers to _printf_s.o(.ARM.Collect$$_printf_percent$$00000014) for _printf_s
    matrix_disp.o(i.MATRIX_DISP_Scroll_String) refers to _printf_str.o(.text) for _printf_str
    matrix_disp.o(i.MATRIX_DISP_Scroll_String) refers to _printf_d.o(.ARM.Collect$$_printf_percent$$00000009) for _printf_d
    matrix_disp.o(i.MATRIX_DISP_Scroll_String) refers to _printf_c.o(.ARM.Collect$$_printf_percent$$00000013) for _printf_c
    matrix_disp.o(i.MATRIX_DISP_Scroll_String) refers to _printf_dec.o(.text) for _printf_int_dec
    matrix_disp.o(i.MATRIX_DISP_Scroll_String) refers to strlen.o(.text) for strlen
    matrix_disp.o(i.MATRIX_DISP_Scroll_String) refers to noretval__2sprintf.o(.text) for __2sprintf
    matrix_disp.o(i.MATRIX_DISP_Scroll_String) refers to comm_uart.o(i.Comm_SendStringIn_tx_Buff) for Comm_SendStringIn_tx_Buff
    matrix_disp.o(i.MATRIX_DISP_Scroll_String) refers to matrix_disp.o(i.MATRIX_DISP_Scroll) for MATRIX_DISP_Scroll
    matrix_disp.o(i.MATRIX_DISP_Scroll_String) refers to esp_uart.o(.bss) for string_buffer
    matrix_disp.o(i.MATRIX_DISP_Scroll_String) refers to matrix_disp.o(.bss) for DEBUG2
    matrix_disp.o(i.MATRIX_DISP_Scroll_String) refers to matrix_disp.o(.data) for disp1ay
    matrix_disp.o(i.write_byteTo_Display) refers to bsp.o(i.MATRIX_Display_WritePIN) for MATRIX_Display_WritePIN
    matrix_disp.o(i.write_to_Display) refers to bsp.o(i.MATRIX_Display_WritePIN) for MATRIX_Display_WritePIN
    matrix_disp.o(i.write_to_Display) refers to matrix_disp.o(i.write_byteTo_Display) for write_byteTo_Display
    startup_stm32f10x_md.o(STACK) refers (Special) to heapauxi.o(.text) for __use_two_region_memory
    startup_stm32f10x_md.o(HEAP) refers (Special) to heapauxi.o(.text) for __use_two_region_memory
    startup_stm32f10x_md.o(RESET) refers (Special) to heapauxi.o(.text) for __use_two_region_memory
    startup_stm32f10x_md.o(RESET) refers to startup_stm32f10x_md.o(STACK) for __initial_sp
    startup_stm32f10x_md.o(RESET) refers to startup_stm32f10x_md.o(.text) for Reset_Handler
    startup_stm32f10x_md.o(RESET) refers to bsp.o(i.EXTI0_IRQHandler) for EXTI0_IRQHandler
    startup_stm32f10x_md.o(RESET) refers to comm_uart.o(i.USART1_IRQHandler) for USART1_IRQHandler
    startup_stm32f10x_md.o(RESET) refers to esp_uart.o(i.USART2_IRQHandler) for USART2_IRQHandler
    startup_stm32f10x_md.o(.text) refers (Special) to heapauxi.o(.text) for __use_two_region_memory
    startup_stm32f10x_md.o(.text) refers to system_stm32f10x.o(i.SystemInit) for SystemInit
    startup_stm32f10x_md.o(.text) refers to __main.o(!!!main) for __main
    startup_stm32f10x_md.o(.text) refers to startup_stm32f10x_md.o(HEAP) for Heap_Mem
    startup_stm32f10x_md.o(.text) refers to startup_stm32f10x_md.o(STACK) for Stack_Mem
    system_stm32f10x.o(i.SetSysClock) refers to system_stm32f10x.o(i.SetSysClockTo72) for SetSysClockTo72
    system_stm32f10x.o(i.SystemCoreClockUpdate) refers to system_stm32f10x.o(.data) for SystemCoreClock
    system_stm32f10x.o(i.SystemInit) refers to system_stm32f10x.o(i.SetSysClock) for SetSysClock
    __2sprintf.o(.text) refers to _printf_char_common.o(.text) for _printf_char_common
    __2sprintf.o(.text) refers to _sputc.o(.text) for _sputc
    noretval__2sprintf.o(.text) refers to _printf_char_common.o(.text) for _printf_char_common
    noretval__2sprintf.o(.text) refers to _sputc.o(.text) for _sputc
    __printf.o(.text) refers to _printf_percent.o(.ARM.Collect$$_printf_percent$$00000000) for _printf_percent
    _printf_str.o(.text) refers (Special) to _printf_char.o(.text) for _printf_cs_common
    _printf_dec.o(.text) refers to _printf_intcommon.o(.text) for _printf_int_common
    __printf_flags.o(.text) refers to _printf_percent.o(.ARM.Collect$$_printf_percent$$00000000) for _printf_percent
    __printf_flags.o(.text) refers to __printf_flags.o(.constdata) for .constdata
    __printf_ss.o(.text) refers to _printf_percent.o(.ARM.Collect$$_printf_percent$$00000000) for _printf_percent
    __printf_flags_ss.o(.text) refers to _printf_percent.o(.ARM.Collect$$_printf_percent$$00000000) for _printf_percent
    __printf_flags_ss.o(.text) refers to __printf_flags_ss.o(.constdata) for .constdata
    __printf_wp.o(.text) refers to __printf_wp.o(i._is_digit) for _is_digit
    __printf_wp.o(.text) refers to _printf_percent.o(.ARM.Collect$$_printf_percent$$00000000) for _printf_percent
    __printf_flags_wp.o(.text) refers to __printf_wp.o(i._is_digit) for _is_digit
    __printf_flags_wp.o(.text) refers to _printf_percent.o(.ARM.Collect$$_printf_percent$$00000000) for _printf_percent
    __printf_flags_wp.o(.text) refers to __printf_flags_wp.o(.constdata) for .constdata
    __printf_ss_wp.o(.text) refers to __printf_wp.o(i._is_digit) for _is_digit
    __printf_ss_wp.o(.text) refers to _printf_percent.o(.ARM.Collect$$_printf_percent$$00000000) for _printf_percent
    __printf_flags_ss_wp.o(.text) refers to __printf_wp.o(i._is_digit) for _is_digit
    __printf_flags_ss_wp.o(.text) refers to _printf_percent.o(.ARM.Collect$$_printf_percent$$00000000) for _printf_percent
    __printf_flags_ss_wp.o(.text) refers to __printf_flags_ss_wp.o(.constdata) for .constdata
    _printf_c.o(.ARM.Collect$$_printf_percent$$00000013) refers (Weak) to _printf_char.o(.text) for _printf_char
    _printf_s.o(.ARM.Collect$$_printf_percent$$00000014) refers (Weak) to _printf_char.o(.text) for _printf_string
    _printf_d.o(.ARM.Collect$$_printf_percent$$00000009) refers (Weak) to _printf_dec.o(.text) for _printf_int_dec
    _printf_percent.o(.ARM.Collect$$_printf_percent$$00000000) refers (Special) to _printf_percent_end.o(.ARM.Collect$$_printf_percent$$00000017) for _printf_percent_end
    __main.o(!!!main) refers to __rtentry.o(.ARM.Collect$$rtentry$$00000000) for __rt_entry
    __rtentry.o(.ARM.Collect$$rtentry$$00000000) refers (Special) to __rtentry2.o(.ARM.Collect$$rtentry$$0000000A) for __rt_entry_li
    __rtentry.o(.ARM.Collect$$rtentry$$00000000) refers (Special) to __rtentry2.o(.ARM.Collect$$rtentry$$0000000D) for __rt_entry_main
    __rtentry.o(.ARM.Collect$$rtentry$$00000000) refers (Special) to __rtentry2.o(.ARM.Collect$$rtentry$$0000000C) for __rt_entry_postli_1
    __rtentry.o(.ARM.Collect$$rtentry$$00000000) refers (Special) to __rtentry2.o(.ARM.Collect$$rtentry$$00000009) for __rt_entry_postsh_1
    __rtentry.o(.ARM.Collect$$rtentry$$00000000) refers (Special) to __rtentry2.o(.ARM.Collect$$rtentry$$00000002) for __rt_entry_presh_1
    __rtentry.o(.ARM.Collect$$rtentry$$00000000) refers (Special) to __rtentry4.o(.ARM.Collect$$rtentry$$00000004) for __rt_entry_sh
    _printf_char_common.o(.text) refers to __printf.o(.text) for __printf
    _printf_char.o(.text) refers (Weak) to _printf_str.o(.text) for _printf_str
    __rtentry2.o(.ARM.Collect$$rtentry$$00000008) refers to boardinit2.o(.text) for _platform_post_stackheap_init
    __rtentry2.o(.ARM.Collect$$rtentry$$0000000A) refers to libinit.o(.ARM.Collect$$libinit$$00000000) for __rt_lib_init
    __rtentry2.o(.ARM.Collect$$rtentry$$0000000B) refers to boardinit3.o(.text) for _platform_post_lib_init
    __rtentry2.o(.ARM.Collect$$rtentry$$0000000D) refers to main.o(i.main) for main
    __rtentry2.o(.ARM.Collect$$rtentry$$0000000D) refers to exit.o(.text) for exit
    __rtentry2.o(.ARM.exidx) refers to __rtentry2.o(.ARM.Collect$$rtentry$$00000001) for .ARM.Collect$$rtentry$$00000001
    __rtentry2.o(.ARM.exidx) refers to __rtentry2.o(.ARM.Collect$$rtentry$$00000008) for .ARM.Collect$$rtentry$$00000008
    __rtentry2.o(.ARM.exidx) refers to __rtentry2.o(.ARM.Collect$$rtentry$$0000000A) for .ARM.Collect$$rtentry$$0000000A
    __rtentry2.o(.ARM.exidx) refers to __rtentry2.o(.ARM.Collect$$rtentry$$0000000B) for .ARM.Collect$$rtentry$$0000000B
    __rtentry2.o(.ARM.exidx) refers to __rtentry2.o(.ARM.Collect$$rtentry$$0000000D) for .ARM.Collect$$rtentry$$0000000D
    __rtentry4.o(.ARM.Collect$$rtentry$$00000004) refers to sys_stackheap_outer.o(.text) for __user_setup_stackheap
    __rtentry4.o(.ARM.exidx) refers to __rtentry4.o(.ARM.Collect$$rtentry$$00000004) for .ARM.Collect$$rtentry$$00000004
    sys_stackheap_outer.o(.text) refers to libspace.o(.text) for __user_perproc_libspace
    sys_stackheap_outer.o(.text) refers to startup_stm32f10x_md.o(.text) for __user_initial_stackheap
    exit.o(.text) refers to rtexit.o(.ARM.Collect$$rtexit$$00000000) for __rt_exit
    libinit.o(.ARM.Collect$$libinit$$00000000) refers (Special) to libinit2.o(.ARM.Collect$$libinit$$0000002E) for __rt_lib_init_alloca_1
    libinit.o(.ARM.Collect$$libinit$$00000000) refers (Special) to libinit2.o(.ARM.Collect$$libinit$$0000002C) for __rt_lib_init_argv_1
    libinit.o(.ARM.Collect$$libinit$$00000000) refers (Special) to libinit2.o(.ARM.Collect$$libinit$$0000001B) for __rt_lib_init_atexit_1
    libinit.o(.ARM.Collect$$libinit$$00000000) refers (Special) to libinit2.o(.ARM.Collect$$libinit$$00000021) for __rt_lib_init_clock_1
    libinit.o(.ARM.Collect$$libinit$$00000000) refers (Special) to libinit2.o(.ARM.Collect$$libinit$$00000032) for __rt_lib_init_cpp_1
    libinit.o(.ARM.Collect$$libinit$$00000000) refers (Special) to libinit2.o(.ARM.Collect$$libinit$$00000030) for __rt_lib_init_exceptions_1
    libinit.o(.ARM.Collect$$libinit$$00000000) refers (Special) to libinit2.o(.ARM.Collect$$libinit$$00000002) for __rt_lib_init_fp_1
    libinit.o(.ARM.Collect$$libinit$$00000000) refers (Special) to libinit2.o(.ARM.Collect$$libinit$$0000001F) for __rt_lib_init_fp_trap_1
    libinit.o(.ARM.Collect$$libinit$$00000000) refers (Special) to libinit2.o(.ARM.Collect$$libinit$$00000023) for __rt_lib_init_getenv_1
    libinit.o(.ARM.Collect$$libinit$$00000000) refers (Special) to libinit2.o(.ARM.Collect$$libinit$$0000000A) for __rt_lib_init_heap_1
    libinit.o(.ARM.Collect$$libinit$$00000000) refers (Special) to libinit2.o(.ARM.Collect$$libinit$$00000011) for __rt_lib_init_lc_collate_1
    libinit.o(.ARM.Collect$$libinit$$00000000) refers (Special) to libinit2.o(.ARM.Collect$$libinit$$00000013) for __rt_lib_init_lc_ctype_1
    libinit.o(.ARM.Collect$$libinit$$00000000) refers (Special) to libinit2.o(.ARM.Collect$$libinit$$00000015) for __rt_lib_init_lc_monetary_1
    libinit.o(.ARM.Collect$$libinit$$00000000) refers (Special) to libinit2.o(.ARM.Collect$$libinit$$00000017) for __rt_lib_init_lc_numeric_1
    libinit.o(.ARM.Collect$$libinit$$00000000) refers (Special) to libinit2.o(.ARM.Collect$$libinit$$00000019) for __rt_lib_init_lc_time_1
    libinit.o(.ARM.Collect$$libinit$$00000000) refers (Special) to libinit2.o(.ARM.Collect$$libinit$$00000004) for __rt_lib_init_preinit_1
    libinit.o(.ARM.Collect$$libinit$$00000000) refers (Special) to libinit2.o(.ARM.Collect$$libinit$$0000000E) for __rt_lib_init_rand_1
    libinit.o(.ARM.Collect$$libinit$$00000000) refers (Special) to libinit2.o(.ARM.Collect$$libinit$$00000033) for __rt_lib_init_return
    libinit.o(.ARM.Collect$$libinit$$00000000) refers (Special) to libinit2.o(.ARM.Collect$$libinit$$0000001D) for __rt_lib_init_signal_1
    libinit.o(.ARM.Collect$$libinit$$00000000) refers (Special) to libinit2.o(.ARM.Collect$$libinit$$00000025) for __rt_lib_init_stdio_1
    libinit.o(.ARM.Collect$$libinit$$00000000) refers (Special) to libinit2.o(.ARM.Collect$$libinit$$0000000C) for __rt_lib_init_user_alloc_1
    libspace.o(.text) refers to libspace.o(.bss) for __libspace_start
    rtexit.o(.ARM.Collect$$rtexit$$00000000) refers (Special) to rtexit2.o(.ARM.Collect$$rtexit$$00000004) for __rt_exit_exit
    rtexit.o(.ARM.Collect$$rtexit$$00000000) refers (Special) to rtexit2.o(.ARM.Collect$$rtexit$$00000003) for __rt_exit_ls
    rtexit.o(.ARM.Collect$$rtexit$$00000000) refers (Special) to rtexit2.o(.ARM.Collect$$rtexit$$00000002) for __rt_exit_prels_1
    rtexit.o(.ARM.exidx) refers (Special) to rtexit2.o(.ARM.Collect$$rtexit$$00000004) for __rt_exit_exit
    rtexit.o(.ARM.exidx) refers (Special) to rtexit2.o(.ARM.Collect$$rtexit$$00000003) for __rt_exit_ls
    rtexit.o(.ARM.exidx) refers (Special) to rtexit2.o(.ARM.Collect$$rtexit$$00000002) for __rt_exit_prels_1
    rtexit.o(.ARM.exidx) refers to rtexit.o(.ARM.Collect$$rtexit$$00000000) for .ARM.Collect$$rtexit$$00000000
    libinit2.o(.ARM.Collect$$libinit$$00000010) refers to libinit2.o(.ARM.Collect$$libinit$$0000000F) for .ARM.Collect$$libinit$$0000000F
    libinit2.o(.ARM.Collect$$libinit$$00000012) refers to libinit2.o(.ARM.Collect$$libinit$$0000000F) for .ARM.Collect$$libinit$$0000000F
    libinit2.o(.ARM.Collect$$libinit$$00000014) refers to libinit2.o(.ARM.Collect$$libinit$$0000000F) for .ARM.Collect$$libinit$$0000000F
    libinit2.o(.ARM.Collect$$libinit$$00000016) refers to libinit2.o(.ARM.Collect$$libinit$$0000000F) for .ARM.Collect$$libinit$$0000000F
    libinit2.o(.ARM.Collect$$libinit$$00000018) refers to libinit2.o(.ARM.Collect$$libinit$$0000000F) for .ARM.Collect$$libinit$$0000000F
    libinit2.o(.ARM.Collect$$libinit$$00000026) refers to argv_veneer.o(.emb_text) for __ARM_argv_veneer
    libinit2.o(.ARM.Collect$$libinit$$00000027) refers to argv_veneer.o(.emb_text) for __ARM_argv_veneer
    rtexit2.o(.ARM.Collect$$rtexit$$00000003) refers to libshutdown.o(.ARM.Collect$$libshutdown$$00000000) for __rt_lib_shutdown
    rtexit2.o(.ARM.Collect$$rtexit$$00000004) refers to sys_exit.o(.text) for _sys_exit
    rtexit2.o(.ARM.exidx) refers to rtexit2.o(.ARM.Collect$$rtexit$$00000001) for .ARM.Collect$$rtexit$$00000001
    rtexit2.o(.ARM.exidx) refers to rtexit2.o(.ARM.Collect$$rtexit$$00000003) for .ARM.Collect$$rtexit$$00000003
    rtexit2.o(.ARM.exidx) refers to rtexit2.o(.ARM.Collect$$rtexit$$00000004) for .ARM.Collect$$rtexit$$00000004
    argv_veneer.o(.emb_text) refers to no_argv.o(.text) for __ARM_get_argv
    sys_exit.o(.text) refers (Special) to use_no_semi.o(.text) for __I$use$semihosting
    sys_exit.o(.text) refers (Special) to indicate_semi.o(.text) for __semihosting_library_function
    _get_argv_nomalloc.o(.text) refers (Special) to hrguard.o(.text) for __heap_region$guard
    _get_argv_nomalloc.o(.text) refers to defsig_rtmem_outer.o(.text) for __rt_SIGRTMEM
    _get_argv_nomalloc.o(.text) refers to sys_command.o(.text) for _sys_command_string
    libshutdown.o(.ARM.Collect$$libshutdown$$00000000) refers (Special) to libshutdown2.o(.ARM.Collect$$libshutdown$$00000002) for __rt_lib_shutdown_cpp_1
    libshutdown.o(.ARM.Collect$$libshutdown$$00000000) refers (Special) to libshutdown2.o(.ARM.Collect$$libshutdown$$00000007) for __rt_lib_shutdown_fp_trap_1
    libshutdown.o(.ARM.Collect$$libshutdown$$00000000) refers (Special) to libshutdown2.o(.ARM.Collect$$libshutdown$$0000000F) for __rt_lib_shutdown_heap_1
    libshutdown.o(.ARM.Collect$$libshutdown$$00000000) refers (Special) to libshutdown2.o(.ARM.Collect$$libshutdown$$00000010) for __rt_lib_shutdown_return
    libshutdown.o(.ARM.Collect$$libshutdown$$00000000) refers (Special) to libshutdown2.o(.ARM.Collect$$libshutdown$$0000000A) for __rt_lib_shutdown_signal_1
    libshutdown.o(.ARM.Collect$$libshutdown$$00000000) refers (Special) to libshutdown2.o(.ARM.Collect$$libshutdown$$00000004) for __rt_lib_shutdown_stdio_1
    libshutdown.o(.ARM.Collect$$libshutdown$$00000000) refers (Special) to libshutdown2.o(.ARM.Collect$$libshutdown$$0000000C) for __rt_lib_shutdown_user_alloc_1
    sys_command.o(.text) refers (Special) to use_no_semi.o(.text) for __I$use$semihosting
    sys_command.o(.text) refers (Special) to indicate_semi.o(.text) for __semihosting_library_function
    defsig_rtmem_outer.o(.text) refers to defsig_rtmem_inner.o(.text) for __rt_SIGRTMEM_inner
    defsig_rtmem_outer.o(.text) refers to defsig_exit.o(.text) for __sig_exit
    defsig_rtmem_formal.o(.text) refers to rt_raise.o(.text) for __rt_raise
    rt_raise.o(.text) refers to __raise.o(.text) for __raise
    rt_raise.o(.text) refers to sys_exit.o(.text) for _sys_exit
    defsig_exit.o(.text) refers to sys_exit.o(.text) for _sys_exit
    defsig_rtmem_inner.o(.text) refers to defsig_general.o(.text) for __default_signal_display
    __raise.o(.text) refers to defsig.o(CL$$defsig) for __default_signal_handler
    defsig_general.o(.text) refers to sys_wrch.o(.text) for _ttywrch
    sys_wrch.o(.text) refers (Special) to use_no_semi.o(.text) for __I$use$semihosting
    sys_wrch.o(.text) refers (Special) to indicate_semi.o(.text) for __semihosting_library_function
    defsig.o(CL$$defsig) refers to defsig_rtmem_inner.o(.text) for __rt_SIGRTMEM_inner
    defsig_abrt_inner.o(.text) refers to defsig_general.o(.text) for __default_signal_display
    defsig_fpe_inner.o(.text) refers to defsig_general.o(.text) for __default_signal_display
    defsig_rtred_inner.o(.text) refers to defsig_general.o(.text) for __default_signal_display
    defsig_stak_inner.o(.text) refers to defsig_general.o(.text) for __default_signal_display
    defsig_pvfn_inner.o(.text) refers to defsig_general.o(.text) for __default_signal_display
    defsig_cppl_inner.o(.text) refers to defsig_general.o(.text) for __default_signal_display
    defsig_segv_inner.o(.text) refers to defsig_general.o(.text) for __default_signal_display
    defsig_other.o(.text) refers to defsig_general.o(.text) for __default_signal_display


==============================================================================

Removing Unused input sections from the image.

    Removing main.o(.rev16_text), (4 bytes).
    Removing main.o(.revsh_text), (4 bytes).
    Removing main.o(.rrx_text), (6 bytes).
    Removing comm_uart.o(.rev16_text), (4 bytes).
    Removing comm_uart.o(.revsh_text), (4 bytes).
    Removing comm_uart.o(.rrx_text), (6 bytes).
    Removing comm_uart.o(i.Comm_FeedbackLoop), (24 bytes).
    Removing comm_uart.o(i.Comm_ReadFrom_rx_Buff), (44 bytes).
    Removing comm_uart.o(i.Comm_UART_Flush), (32 bytes).
    Removing comm_uart.o(i.Is_Comm_rx_Available), (40 bytes).
    Removing esp_uart.o(.rev16_text), (4 bytes).
    Removing esp_uart.o(.revsh_text), (4 bytes).
    Removing esp_uart.o(.rrx_text), (6 bytes).
    Removing esp_uart.o(i.ESP_FeedbackLoop), (24 bytes).
    Removing esp_uart.o(i.ESP_ReadFrom_rx_Buff), (44 bytes).
    Removing esp_uart.o(i.Is_ESP_rx_Available), (40 bytes).
    Removing bsp.o(.rev16_text), (4 bytes).
    Removing bsp.o(.revsh_text), (4 bytes).
    Removing bsp.o(.rrx_text), (6 bytes).
    Removing esp_app.o(.rev16_text), (4 bytes).
    Removing esp_app.o(.revsh_text), (4 bytes).
    Removing esp_app.o(.rrx_text), (6 bytes).
    Removing matrix_disp.o(.rev16_text), (4 bytes).
    Removing matrix_disp.o(.revsh_text), (4 bytes).
    Removing matrix_disp.o(.rrx_text), (6 bytes).
    Removing matrix_disp.o(i.MATRIX_DISP_CHAR), (48 bytes).
    Removing system_stm32f10x.o(.rev16_text), (4 bytes).
    Removing system_stm32f10x.o(.revsh_text), (4 bytes).
    Removing system_stm32f10x.o(.rrx_text), (6 bytes).
    Removing system_stm32f10x.o(i.SystemCoreClockUpdate), (164 bytes).
    Removing system_stm32f10x.o(.data), (20 bytes).

31 unused section(s) (total 578 bytes) removed from the image.

==============================================================================

Image Symbol Table

    Local Symbols

    Symbol Name                              Value     Ov Type        Size  Object(Section)

    ../clib/angel/boardlib.s                 0x00000000   Number         0  boardinit3.o ABSOLUTE
    ../clib/angel/boardlib.s                 0x00000000   Number         0  boardinit1.o ABSOLUTE
    ../clib/angel/boardlib.s                 0x00000000   Number         0  boardinit2.o ABSOLUTE
    ../clib/angel/boardlib.s                 0x00000000   Number         0  boardshut.o ABSOLUTE
    ../clib/angel/handlers.s                 0x00000000   Number         0  __scatter_copy.o ABSOLUTE
    ../clib/angel/handlers.s                 0x00000000   Number         0  __scatter_zi.o ABSOLUTE
    ../clib/angel/kernel.s                   0x00000000   Number         0  rtexit2.o ABSOLUTE
    ../clib/angel/kernel.s                   0x00000000   Number         0  __rtentry2.o ABSOLUTE
    ../clib/angel/kernel.s                   0x00000000   Number         0  __rtentry4.o ABSOLUTE
    ../clib/angel/kernel.s                   0x00000000   Number         0  rtexit.o ABSOLUTE
    ../clib/angel/kernel.s                   0x00000000   Number         0  __rtentry.o ABSOLUTE
    ../clib/angel/rt.s                       0x00000000   Number         0  rt_raise.o ABSOLUTE
    ../clib/angel/scatter.s                  0x00000000   Number         0  __scatter.o ABSOLUTE
    ../clib/angel/startup.s                  0x00000000   Number         0  __main.o ABSOLUTE
    ../clib/angel/sys.s                      0x00000000   Number         0  sys_stackheap_outer.o ABSOLUTE
    ../clib/angel/sys.s                      0x00000000   Number         0  libspace.o ABSOLUTE
    ../clib/angel/sys.s                      0x00000000   Number         0  indicate_semi.o ABSOLUTE
    ../clib/angel/sys.s                      0x00000000   Number         0  use_no_semi.o ABSOLUTE
    ../clib/angel/sysapp.c                   0x00000000   Number         0  sys_wrch.o ABSOLUTE
    ../clib/angel/sysapp.c                   0x00000000   Number         0  sys_command.o ABSOLUTE
    ../clib/angel/sysapp.c                   0x00000000   Number         0  sys_exit.o ABSOLUTE
    ../clib/armsys.c                         0x00000000   Number         0  argv_veneer.o ABSOLUTE
    ../clib/armsys.c                         0x00000000   Number         0  no_argv.o ABSOLUTE
    ../clib/armsys.c                         0x00000000   Number         0  _get_argv_nomalloc.o ABSOLUTE
    ../clib/armsys.c                         0x00000000   Number         0  argv_veneer.o ABSOLUTE
    ../clib/heapalloc.c                      0x00000000   Number         0  hrguard.o ABSOLUTE
    ../clib/heapaux.c                        0x00000000   Number         0  heapauxi.o ABSOLUTE
    ../clib/libinit.s                        0x00000000   Number         0  libinit.o ABSOLUTE
    ../clib/libinit.s                        0x00000000   Number         0  libshutdown2.o ABSOLUTE
    ../clib/libinit.s                        0x00000000   Number         0  libinit2.o ABSOLUTE
    ../clib/libinit.s                        0x00000000   Number         0  libshutdown.o ABSOLUTE
    ../clib/memcpset.s                       0x00000000   Number         0  rt_memclr_w.o ABSOLUTE
    ../clib/printf.c                         0x00000000   Number         0  __printf_flags.o ABSOLUTE
    ../clib/printf.c                         0x00000000   Number         0  __printf_ss.o ABSOLUTE
    ../clib/printf.c                         0x00000000   Number         0  __printf_flags_ss.o ABSOLUTE
    ../clib/printf.c                         0x00000000   Number         0  __printf_wp.o ABSOLUTE
    ../clib/printf.c                         0x00000000   Number         0  __printf_flags_wp.o ABSOLUTE
    ../clib/printf.c                         0x00000000   Number         0  __printf_ss_wp.o ABSOLUTE
    ../clib/printf.c                         0x00000000   Number         0  __printf_flags_ss_wp.o ABSOLUTE
    ../clib/printf.c                         0x00000000   Number         0  _printf_char.o ABSOLUTE
    ../clib/printf.c                         0x00000000   Number         0  _sputc.o ABSOLUTE
    ../clib/printf.c                         0x00000000   Number         0  _printf_char_common.o ABSOLUTE
    ../clib/printf.c                         0x00000000   Number         0  __2sprintf.o ABSOLUTE
    ../clib/printf.c                         0x00000000   Number         0  __printf_nopercent.o ABSOLUTE
    ../clib/printf.c                         0x00000000   Number         0  noretval__2sprintf.o ABSOLUTE
    ../clib/printf.c                         0x00000000   Number         0  __printf.o ABSOLUTE
    ../clib/printf.c                         0x00000000   Number         0  _printf_intcommon.o ABSOLUTE
    ../clib/printf.c                         0x00000000   Number         0  _printf_str.o ABSOLUTE
    ../clib/printf.c                         0x00000000   Number         0  _printf_dec.o ABSOLUTE
    ../clib/printf_percent.s                 0x00000000   Number         0  _printf_s.o ABSOLUTE
    ../clib/printf_percent.s                 0x00000000   Number         0  _printf_c.o ABSOLUTE
    ../clib/printf_percent.s                 0x00000000   Number         0  _printf_percent_end.o ABSOLUTE
    ../clib/printf_percent.s                 0x00000000   Number         0  _printf_percent.o ABSOLUTE
    ../clib/printf_percent.s                 0x00000000   Number         0  _printf_d.o ABSOLUTE
    ../clib/signal.c                         0x00000000   Number         0  __raise.o ABSOLUTE
    ../clib/signal.c                         0x00000000   Number         0  defsig_other.o ABSOLUTE
    ../clib/signal.c                         0x00000000   Number         0  defsig_fpe_inner.o ABSOLUTE
    ../clib/signal.c                         0x00000000   Number         0  defsig_abrt_inner.o ABSOLUTE
    ../clib/signal.c                         0x00000000   Number         0  defsig_segv_inner.o ABSOLUTE
    ../clib/signal.c                         0x00000000   Number         0  defsig_cppl_inner.o ABSOLUTE
    ../clib/signal.c                         0x00000000   Number         0  defsig_general.o ABSOLUTE
    ../clib/signal.c                         0x00000000   Number         0  defsig_pvfn_inner.o ABSOLUTE
    ../clib/signal.c                         0x00000000   Number         0  defsig_rtmem_inner.o ABSOLUTE
    ../clib/signal.c                         0x00000000   Number         0  defsig_exit.o ABSOLUTE
    ../clib/signal.c                         0x00000000   Number         0  defsig_stak_inner.o ABSOLUTE
    ../clib/signal.c                         0x00000000   Number         0  defsig_rtmem_formal.o ABSOLUTE
    ../clib/signal.c                         0x00000000   Number         0  defsig_rtmem_outer.o ABSOLUTE
    ../clib/signal.c                         0x00000000   Number         0  defsig_rtred_inner.o ABSOLUTE
    ../clib/signal.s                         0x00000000   Number         0  defsig.o ABSOLUTE
    ../clib/stdlib.c                         0x00000000   Number         0  exit.o ABSOLUTE
    ../clib/string.c                         0x00000000   Number         0  strlen.o ABSOLUTE
    ../fplib/fpinit.s                        0x00000000   Number         0  fpinit.o ABSOLUTE
    BSP.c                                    0x00000000   Number         0  bsp.o ABSOLUTE
    BSP.c                                    0x00000000   Number         0  bsp.o ABSOLUTE
    COMM_UART.c                              0x00000000   Number         0  comm_uart.o ABSOLUTE
    COMM_UART.c                              0x00000000   Number         0  comm_uart.o ABSOLUTE
    ESP_APP.c                                0x00000000   Number         0  esp_app.o ABSOLUTE
    ESP_APP.c                                0x00000000   Number         0  esp_app.o ABSOLUTE
    ESP_UART.c                               0x00000000   Number         0  esp_uart.o ABSOLUTE
    ESP_UART.c                               0x00000000   Number         0  esp_uart.o ABSOLUTE
    MATRIX_DISP.c                            0x00000000   Number         0  matrix_disp.o ABSOLUTE
    MATRIX_DISP.c                            0x00000000   Number         0  matrix_disp.o ABSOLUTE
    RTE\Device\STM32F103C8\startup_stm32f10x_md.s 0x00000000   Number         0  startup_stm32f10x_md.o ABSOLUTE
    RTE\Device\STM32F103C8\system_stm32f10x.c 0x00000000   Number         0  system_stm32f10x.o ABSOLUTE
    RTE\\Device\\STM32F103C8\\system_stm32f10x.c 0x00000000   Number         0  system_stm32f10x.o ABSOLUTE
    dc.s                                     0x00000000   Number         0  dc.o ABSOLUTE
    main.c                                   0x00000000   Number         0  main.o ABSOLUTE
    main.c                                   0x00000000   Number         0  main.o ABSOLUTE
    RESET                                    0x08000000   Section      236  startup_stm32f10x_md.o(RESET)
    !!!main                                  0x080000ec   Section        8  __main.o(!!!main)
    !!!scatter                               0x080000f4   Section       52  __scatter.o(!!!scatter)
    !!handler_copy                           0x08000128   Section       26  __scatter_copy.o(!!handler_copy)
    !!handler_zi                             0x08000144   Section       28  __scatter_zi.o(!!handler_zi)
    .ARM.Collect$$_printf_percent$$00000000  0x08000160   Section        0  _printf_percent.o(.ARM.Collect$$_printf_percent$$00000000)
    .ARM.Collect$$_printf_percent$$00000009  0x08000160   Section        6  _printf_d.o(.ARM.Collect$$_printf_percent$$00000009)
    .ARM.Collect$$_printf_percent$$00000013  0x08000166   Section        6  _printf_c.o(.ARM.Collect$$_printf_percent$$00000013)
    .ARM.Collect$$_printf_percent$$00000014  0x0800016c   Section        6  _printf_s.o(.ARM.Collect$$_printf_percent$$00000014)
    .ARM.Collect$$_printf_percent$$00000017  0x08000172   Section        4  _printf_percent_end.o(.ARM.Collect$$_printf_percent$$00000017)
    .ARM.Collect$$libinit$$00000000          0x08000176   Section        2  libinit.o(.ARM.Collect$$libinit$$00000000)
    .ARM.Collect$$libinit$$00000002          0x08000178   Section        0  libinit2.o(.ARM.Collect$$libinit$$00000002)
    .ARM.Collect$$libinit$$00000004          0x08000178   Section        0  libinit2.o(.ARM.Collect$$libinit$$00000004)
    .ARM.Collect$$libinit$$0000000A          0x08000178   Section        0  libinit2.o(.ARM.Collect$$libinit$$0000000A)
    .ARM.Collect$$libinit$$0000000C          0x08000178   Section        0  libinit2.o(.ARM.Collect$$libinit$$0000000C)
    .ARM.Collect$$libinit$$0000000E          0x08000178   Section        0  libinit2.o(.ARM.Collect$$libinit$$0000000E)
    .ARM.Collect$$libinit$$00000011          0x08000178   Section        0  libinit2.o(.ARM.Collect$$libinit$$00000011)
    .ARM.Collect$$libinit$$00000013          0x08000178   Section        0  libinit2.o(.ARM.Collect$$libinit$$00000013)
    .ARM.Collect$$libinit$$00000015          0x08000178   Section        0  libinit2.o(.ARM.Collect$$libinit$$00000015)
    .ARM.Collect$$libinit$$00000017          0x08000178   Section        0  libinit2.o(.ARM.Collect$$libinit$$00000017)
    .ARM.Collect$$libinit$$00000019          0x08000178   Section        0  libinit2.o(.ARM.Collect$$libinit$$00000019)
    .ARM.Collect$$libinit$$0000001B          0x08000178   Section        0  libinit2.o(.ARM.Collect$$libinit$$0000001B)
    .ARM.Collect$$libinit$$0000001D          0x08000178   Section        0  libinit2.o(.ARM.Collect$$libinit$$0000001D)
    .ARM.Collect$$libinit$$0000001F          0x08000178   Section        0  libinit2.o(.ARM.Collect$$libinit$$0000001F)
    .ARM.Collect$$libinit$$00000021          0x08000178   Section        0  libinit2.o(.ARM.Collect$$libinit$$00000021)
    .ARM.Collect$$libinit$$00000023          0x08000178   Section        0  libinit2.o(.ARM.Collect$$libinit$$00000023)
    .ARM.Collect$$libinit$$00000025          0x08000178   Section        0  libinit2.o(.ARM.Collect$$libinit$$00000025)
    .ARM.Collect$$libinit$$0000002C          0x08000178   Section        0  libinit2.o(.ARM.Collect$$libinit$$0000002C)
    .ARM.Collect$$libinit$$0000002E          0x08000178   Section        0  libinit2.o(.ARM.Collect$$libinit$$0000002E)
    .ARM.Collect$$libinit$$00000030          0x08000178   Section        0  libinit2.o(.ARM.Collect$$libinit$$00000030)
    .ARM.Collect$$libinit$$00000032          0x08000178   Section        0  libinit2.o(.ARM.Collect$$libinit$$00000032)
    .ARM.Collect$$libinit$$00000033          0x08000178   Section        2  libinit2.o(.ARM.Collect$$libinit$$00000033)
    .ARM.Collect$$libshutdown$$00000000      0x0800017a   Section        2  libshutdown.o(.ARM.Collect$$libshutdown$$00000000)
    .ARM.Collect$$libshutdown$$00000002      0x0800017c   Section        0  libshutdown2.o(.ARM.Collect$$libshutdown$$00000002)
    .ARM.Collect$$libshutdown$$00000004      0x0800017c   Section        0  libshutdown2.o(.ARM.Collect$$libshutdown$$00000004)
    .ARM.Collect$$libshutdown$$00000007      0x0800017c   Section        0  libshutdown2.o(.ARM.Collect$$libshutdown$$00000007)
    .ARM.Collect$$libshutdown$$0000000A      0x0800017c   Section        0  libshutdown2.o(.ARM.Collect$$libshutdown$$0000000A)
    .ARM.Collect$$libshutdown$$0000000C      0x0800017c   Section        0  libshutdown2.o(.ARM.Collect$$libshutdown$$0000000C)
    .ARM.Collect$$libshutdown$$0000000F      0x0800017c   Section        0  libshutdown2.o(.ARM.Collect$$libshutdown$$0000000F)
    .ARM.Collect$$libshutdown$$00000010      0x0800017c   Section        2  libshutdown2.o(.ARM.Collect$$libshutdown$$00000010)
    .ARM.Collect$$rtentry$$00000000          0x0800017e   Section        0  __rtentry.o(.ARM.Collect$$rtentry$$00000000)
    .ARM.Collect$$rtentry$$00000002          0x0800017e   Section        0  __rtentry2.o(.ARM.Collect$$rtentry$$00000002)
    .ARM.Collect$$rtentry$$00000004          0x0800017e   Section        6  __rtentry4.o(.ARM.Collect$$rtentry$$00000004)
    .ARM.Collect$$rtentry$$00000009          0x08000184   Section        0  __rtentry2.o(.ARM.Collect$$rtentry$$00000009)
    .ARM.Collect$$rtentry$$0000000A          0x08000184   Section        4  __rtentry2.o(.ARM.Collect$$rtentry$$0000000A)
    .ARM.Collect$$rtentry$$0000000C          0x08000188   Section        0  __rtentry2.o(.ARM.Collect$$rtentry$$0000000C)
    .ARM.Collect$$rtentry$$0000000D          0x08000188   Section        8  __rtentry2.o(.ARM.Collect$$rtentry$$0000000D)
    .ARM.Collect$$rtexit$$00000000           0x08000190   Section        2  rtexit.o(.ARM.Collect$$rtexit$$00000000)
    .ARM.Collect$$rtexit$$00000002           0x08000192   Section        0  rtexit2.o(.ARM.Collect$$rtexit$$00000002)
    .ARM.Collect$$rtexit$$00000003           0x08000192   Section        4  rtexit2.o(.ARM.Collect$$rtexit$$00000003)
    .ARM.Collect$$rtexit$$00000004           0x08000196   Section        6  rtexit2.o(.ARM.Collect$$rtexit$$00000004)
    .text                                    0x0800019c   Section       64  startup_stm32f10x_md.o(.text)
    .text                                    0x080001dc   Section        0  noretval__2sprintf.o(.text)
    .text                                    0x08000204   Section        0  __printf.o(.text)
    .text                                    0x0800026c   Section        0  _printf_str.o(.text)
    .text                                    0x080002c0   Section        0  _printf_dec.o(.text)
    .text                                    0x08000338   Section        0  strlen.o(.text)
    .text                                    0x08000376   Section       78  rt_memclr_w.o(.text)
    .text                                    0x080003c4   Section        0  heapauxi.o(.text)
    .text                                    0x080003ca   Section        0  _printf_intcommon.o(.text)
    .text                                    0x0800047c   Section        0  _printf_char_common.o(.text)
    _printf_input_char                       0x0800047d   Thumb Code    10  _printf_char_common.o(.text)
    .text                                    0x080004ac   Section        0  _sputc.o(.text)
    .text                                    0x080004b6   Section        0  _printf_char.o(.text)
    .text                                    0x080004e2   Section       74  sys_stackheap_outer.o(.text)
    .text                                    0x0800052c   Section        0  exit.o(.text)
    .text                                    0x08000540   Section        8  libspace.o(.text)
    .text                                    0x08000548   Section        0  sys_exit.o(.text)
    .text                                    0x08000554   Section        2  use_no_semi.o(.text)
    .text                                    0x08000556   Section        0  indicate_semi.o(.text)
    i.BUTTON_INIT                            0x08000558   Section        0  bsp.o(i.BUTTON_INIT)
    i.Comm_SendStringIn_tx_Buff              0x080005d0   Section        0  comm_uart.o(i.Comm_SendStringIn_tx_Buff)
    i.Comm_StoreIn_rx_Buff                   0x080005e8   Section        0  comm_uart.o(i.Comm_StoreIn_rx_Buff)
    i.Comm_StoreIn_tx_Buff                   0x08000614   Section        0  comm_uart.o(i.Comm_StoreIn_tx_Buff)
    i.Comm_UART_Init                         0x0800065c   Section        0  comm_uart.o(i.Comm_UART_Init)
    i.DelayMillis                            0x080006b8   Section        0  bsp.o(i.DelayMillis)
    i.DelayMs                                0x080006dc   Section        0  bsp.o(i.DelayMs)
    i.ESP_CheckForString                     0x080006f0   Section        0  esp_uart.o(i.ESP_CheckForString)
    i.ESP_CopyUpto                           0x08000778   Section        0  esp_uart.o(i.ESP_CopyUpto)
    i.ESP_GetAfter                           0x080007f4   Section        0  esp_uart.o(i.ESP_GetAfter)
    i.ESP_GetLinkID                          0x080008b0   Section        0  esp_app.o(i.ESP_GetLinkID)
    i.ESP_Init                               0x080008d0   Section        0  esp_app.o(i.ESP_Init)
    i.ESP_SendCommand                        0x080009b4   Section        0  esp_uart.o(i.ESP_SendCommand)
    i.ESP_SendStringIn_tx_Buff               0x08000a14   Section        0  esp_uart.o(i.ESP_SendStringIn_tx_Buff)
    i.ESP_Send_WebPage                       0x08000a2c   Section        0  esp_app.o(i.ESP_Send_WebPage)
    i.ESP_StoreIn_rx_Buff                    0x08000ac4   Section        0  esp_uart.o(i.ESP_StoreIn_rx_Buff)
    i.ESP_StoreIn_tx_Buff                    0x08000afc   Section        0  esp_uart.o(i.ESP_StoreIn_tx_Buff)
    i.ESP_UART_Flush                         0x08000b38   Section        0  esp_uart.o(i.ESP_UART_Flush)
    i.ESP_UART_Init                          0x08000b58   Section        0  esp_uart.o(i.ESP_UART_Init)
    i.EXTI0_IRQHandler                       0x08000bb4   Section        0  bsp.o(i.EXTI0_IRQHandler)
    i.GetData_From_Web                       0x08000bf8   Section        0  esp_uart.o(i.GetData_From_Web)
    i.LED_Function                           0x08000c50   Section        0  bsp.o(i.LED_Function)
    i.LED_INIT                               0x08000c94   Section        0  bsp.o(i.LED_INIT)
    i.LED_Toggle                             0x08000ccc   Section        0  bsp.o(i.LED_Toggle)
    i.MATRIX_DISP_CLEAR                      0x08000d04   Section        0  matrix_disp.o(i.MATRIX_DISP_CLEAR)
    i.MATRIX_DISP_INIT                       0x08000d28   Section        0  matrix_disp.o(i.MATRIX_DISP_INIT)
    i.MATRIX_DISP_Scroll                     0x08000d54   Section        0  matrix_disp.o(i.MATRIX_DISP_Scroll)
    i.MATRIX_DISP_Scroll_String              0x08000dd4   Section        0  matrix_disp.o(i.MATRIX_DISP_Scroll_String)
    i.MATRIX_Display_GPIO_INIT               0x08000ea4   Section        0  bsp.o(i.MATRIX_Display_GPIO_INIT)
    i.MATRIX_Display_WritePIN                0x08000ee4   Section        0  bsp.o(i.MATRIX_Display_WritePIN)
    i.SetSysClock                            0x08000f0c   Section        0  system_stm32f10x.o(i.SetSysClock)
    SetSysClock                              0x08000f0d   Thumb Code     8  system_stm32f10x.o(i.SetSysClock)
    i.SetSysClockTo72                        0x08000f14   Section        0  system_stm32f10x.o(i.SetSysClockTo72)
    SetSysClockTo72                          0x08000f15   Thumb Code   214  system_stm32f10x.o(i.SetSysClockTo72)
    i.SystemInit                             0x08000ff4   Section        0  system_stm32f10x.o(i.SystemInit)
    i.USART1_IRQHandler                      0x08001054   Section        0  comm_uart.o(i.USART1_IRQHandler)
    i.USART2_IRQHandler                      0x080010d8   Section        0  esp_uart.o(i.USART2_IRQHandler)
    i.main                                   0x0800115c   Section        0  main.o(i.main)
    i.systick_init                           0x0800121c   Section        0  bsp.o(i.systick_init)
    i.web_page_manager                       0x0800123c   Section        0  esp_app.o(i.web_page_manager)
    i.write_byteTo_Display                   0x080012b4   Section        0  matrix_disp.o(i.write_byteTo_Display)
    i.write_to_Display                       0x080012e2   Section        0  matrix_disp.o(i.write_to_Display)
    .conststring                             0x08001308   Section      443  esp_app.o(.conststring)
    .data                                    0x20000000   Section       12  main.o(.data)
    .data                                    0x2000000c   Section        8  esp_app.o(.data)
    .data                                    0x20000014   Section      216  matrix_disp.o(.data)
    .bss                                     0x200000ec   Section      100  main.o(.bss)
    .bss                                     0x20000150   Section     2016  comm_uart.o(.bss)
    .bss                                     0x20000930   Section     2324  esp_uart.o(.bss)
    .bss                                     0x20001244   Section      100  matrix_disp.o(.bss)
    .bss                                     0x200012a8   Section       96  libspace.o(.bss)
    HEAP                                     0x20001308   Section      512  startup_stm32f10x_md.o(HEAP)
    Heap_Mem                                 0x20001308   Data         512  startup_stm32f10x_md.o(HEAP)
    STACK                                    0x20001508   Section     1024  startup_stm32f10x_md.o(STACK)
    Stack_Mem                                0x20001508   Data        1024  startup_stm32f10x_md.o(STACK)
    __initial_sp                             0x20001908   Data           0  startup_stm32f10x_md.o(STACK)

    Global Symbols

    Symbol Name                              Value     Ov Type        Size  Object(Section)

    BuildAttributes$$THM_ISAv4$P$D$K$B$S$PE$A:L22UL41UL21$X:L11$S22US41US21$IEEE1$IW$USESV6$~STKCKD$USESV7$~SHL$OSPACE$ROPI$EBA8$UX$STANDARDLIB$REQ8$PRES8$EABIv2 0x00000000   Number         0  anon$$obj.o ABSOLUTE
    __ARM_use_no_argv                        0x00000000   Number         0  main.o ABSOLUTE
    __ARM_exceptions_init                     - Undefined Weak Reference
    __alloca_initialize                       - Undefined Weak Reference
    __arm_preinit_                            - Undefined Weak Reference
    __cpp_initialize__aeabi_                  - Undefined Weak Reference
    __cxa_finalize                            - Undefined Weak Reference
    __rt_locale                               - Undefined Weak Reference
    __sigvec_lookup                           - Undefined Weak Reference
    _atexit_init                              - Undefined Weak Reference
    _call_atexit_fns                          - Undefined Weak Reference
    _clock_init                               - Undefined Weak Reference
    _fp_trap_init                             - Undefined Weak Reference
    _fp_trap_shutdown                         - Undefined Weak Reference
    _get_lc_collate                           - Undefined Weak Reference
    _get_lc_ctype                             - Undefined Weak Reference
    _get_lc_monetary                          - Undefined Weak Reference
    _get_lc_numeric                           - Undefined Weak Reference
    _get_lc_time                              - Undefined Weak Reference
    _getenv_init                              - Undefined Weak Reference
    _handle_redirection                       - Undefined Weak Reference
    _init_alloc                               - Undefined Weak Reference
    _init_user_alloc                          - Undefined Weak Reference
    _initio                                   - Undefined Weak Reference
    _printf_mbtowc                            - Undefined Weak Reference
    _printf_post_padding                      - Undefined Weak Reference
    _printf_pre_padding                       - Undefined Weak Reference
    _printf_truncate_signed                   - Undefined Weak Reference
    _printf_truncate_unsigned                 - Undefined Weak Reference
    _rand_init                                - Undefined Weak Reference
    _signal_finish                            - Undefined Weak Reference
    _signal_init                              - Undefined Weak Reference
    _terminate_alloc                          - Undefined Weak Reference
    _terminate_user_alloc                     - Undefined Weak Reference
    _terminateio                              - Undefined Weak Reference
    __Vectors_Size                           0x000000ec   Number         0  startup_stm32f10x_md.o ABSOLUTE
    __Vectors                                0x08000000   Data           4  startup_stm32f10x_md.o(RESET)
    __Vectors_End                            0x080000ec   Data           0  startup_stm32f10x_md.o(RESET)
    __main                                   0x080000ed   Thumb Code     8  __main.o(!!!main)
    __scatterload                            0x080000f5   Thumb Code     0  __scatter.o(!!!scatter)
    __scatterload_rt2                        0x080000f5   Thumb Code    44  __scatter.o(!!!scatter)
    __scatterload_rt2_thumb_only             0x080000f5   Thumb Code     0  __scatter.o(!!!scatter)
    __scatterload_null                       0x08000103   Thumb Code     0  __scatter.o(!!!scatter)
    __scatterload_copy                       0x08000129   Thumb Code    26  __scatter_copy.o(!!handler_copy)
    __scatterload_zeroinit                   0x08000145   Thumb Code    28  __scatter_zi.o(!!handler_zi)
    _printf_d                                0x08000161   Thumb Code     0  _printf_d.o(.ARM.Collect$$_printf_percent$$00000009)
    _printf_percent                          0x08000161   Thumb Code     0  _printf_percent.o(.ARM.Collect$$_printf_percent$$00000000)
    _printf_c                                0x08000167   Thumb Code     0  _printf_c.o(.ARM.Collect$$_printf_percent$$00000013)
    _printf_s                                0x0800016d   Thumb Code     0  _printf_s.o(.ARM.Collect$$_printf_percent$$00000014)
    _printf_percent_end                      0x08000173   Thumb Code     0  _printf_percent_end.o(.ARM.Collect$$_printf_percent$$00000017)
    __rt_lib_init                            0x08000177   Thumb Code     0  libinit.o(.ARM.Collect$$libinit$$00000000)
    __rt_lib_init_alloca_1                   0x08000179   Thumb Code     0  libinit2.o(.ARM.Collect$$libinit$$0000002E)
    __rt_lib_init_argv_1                     0x08000179   Thumb Code     0  libinit2.o(.ARM.Collect$$libinit$$0000002C)
    __rt_lib_init_atexit_1                   0x08000179   Thumb Code     0  libinit2.o(.ARM.Collect$$libinit$$0000001B)
    __rt_lib_init_clock_1                    0x08000179   Thumb Code     0  libinit2.o(.ARM.Collect$$libinit$$00000021)
    __rt_lib_init_cpp_1                      0x08000179   Thumb Code     0  libinit2.o(.ARM.Collect$$libinit$$00000032)
    __rt_lib_init_exceptions_1               0x08000179   Thumb Code     0  libinit2.o(.ARM.Collect$$libinit$$00000030)
    __rt_lib_init_fp_1                       0x08000179   Thumb Code     0  libinit2.o(.ARM.Collect$$libinit$$00000002)
    __rt_lib_init_fp_trap_1                  0x08000179   Thumb Code     0  libinit2.o(.ARM.Collect$$libinit$$0000001F)
    __rt_lib_init_getenv_1                   0x08000179   Thumb Code     0  libinit2.o(.ARM.Collect$$libinit$$00000023)
    __rt_lib_init_heap_1                     0x08000179   Thumb Code     0  libinit2.o(.ARM.Collect$$libinit$$0000000A)
    __rt_lib_init_lc_collate_1               0x08000179   Thumb Code     0  libinit2.o(.ARM.Collect$$libinit$$00000011)
    __rt_lib_init_lc_ctype_1                 0x08000179   Thumb Code     0  libinit2.o(.ARM.Collect$$libinit$$00000013)
    __rt_lib_init_lc_monetary_1              0x08000179   Thumb Code     0  libinit2.o(.ARM.Collect$$libinit$$00000015)
    __rt_lib_init_lc_numeric_1               0x08000179   Thumb Code     0  libinit2.o(.ARM.Collect$$libinit$$00000017)
    __rt_lib_init_lc_time_1                  0x08000179   Thumb Code     0  libinit2.o(.ARM.Collect$$libinit$$00000019)
    __rt_lib_init_preinit_1                  0x08000179   Thumb Code     0  libinit2.o(.ARM.Collect$$libinit$$00000004)
    __rt_lib_init_rand_1                     0x08000179   Thumb Code     0  libinit2.o(.ARM.Collect$$libinit$$0000000E)
    __rt_lib_init_return                     0x08000179   Thumb Code     0  libinit2.o(.ARM.Collect$$libinit$$00000033)
    __rt_lib_init_signal_1                   0x08000179   Thumb Code     0  libinit2.o(.ARM.Collect$$libinit$$0000001D)
    __rt_lib_init_stdio_1                    0x08000179   Thumb Code     0  libinit2.o(.ARM.Collect$$libinit$$00000025)
    __rt_lib_init_user_alloc_1               0x08000179   Thumb Code     0  libinit2.o(.ARM.Collect$$libinit$$0000000C)
    __rt_lib_shutdown                        0x0800017b   Thumb Code     0  libshutdown.o(.ARM.Collect$$libshutdown$$00000000)
    __rt_lib_shutdown_cpp_1                  0x0800017d   Thumb Code     0  libshutdown2.o(.ARM.Collect$$libshutdown$$00000002)
    __rt_lib_shutdown_fp_trap_1              0x0800017d   Thumb Code     0  libshutdown2.o(.ARM.Collect$$libshutdown$$00000007)
    __rt_lib_shutdown_heap_1                 0x0800017d   Thumb Code     0  libshutdown2.o(.ARM.Collect$$libshutdown$$0000000F)
    __rt_lib_shutdown_return                 0x0800017d   Thumb Code     0  libshutdown2.o(.ARM.Collect$$libshutdown$$00000010)
    __rt_lib_shutdown_signal_1               0x0800017d   Thumb Code     0  libshutdown2.o(.ARM.Collect$$libshutdown$$0000000A)
    __rt_lib_shutdown_stdio_1                0x0800017d   Thumb Code     0  libshutdown2.o(.ARM.Collect$$libshutdown$$00000004)
    __rt_lib_shutdown_user_alloc_1           0x0800017d   Thumb Code     0  libshutdown2.o(.ARM.Collect$$libshutdown$$0000000C)
    __rt_entry                               0x0800017f   Thumb Code     0  __rtentry.o(.ARM.Collect$$rtentry$$00000000)
    __rt_entry_presh_1                       0x0800017f   Thumb Code     0  __rtentry2.o(.ARM.Collect$$rtentry$$00000002)
    __rt_entry_sh                            0x0800017f   Thumb Code     0  __rtentry4.o(.ARM.Collect$$rtentry$$00000004)
    __rt_entry_li                            0x08000185   Thumb Code     0  __rtentry2.o(.ARM.Collect$$rtentry$$0000000A)
    __rt_entry_postsh_1                      0x08000185   Thumb Code     0  __rtentry2.o(.ARM.Collect$$rtentry$$00000009)
    __rt_entry_main                          0x08000189   Thumb Code     0  __rtentry2.o(.ARM.Collect$$rtentry$$0000000D)
    __rt_entry_postli_1                      0x08000189   Thumb Code     0  __rtentry2.o(.ARM.Collect$$rtentry$$0000000C)
    __rt_exit                                0x08000191   Thumb Code     0  rtexit.o(.ARM.Collect$$rtexit$$00000000)
    __rt_exit_ls                             0x08000193   Thumb Code     0  rtexit2.o(.ARM.Collect$$rtexit$$00000003)
    __rt_exit_prels_1                        0x08000193   Thumb Code     0  rtexit2.o(.ARM.Collect$$rtexit$$00000002)
    __rt_exit_exit                           0x08000197   Thumb Code     0  rtexit2.o(.ARM.Collect$$rtexit$$00000004)
    Reset_Handler                            0x0800019d   Thumb Code     8  startup_stm32f10x_md.o(.text)
    NMI_Handler                              0x080001a5   Thumb Code     2  startup_stm32f10x_md.o(.text)
    HardFault_Handler                        0x080001a7   Thumb Code     2  startup_stm32f10x_md.o(.text)
    MemManage_Handler                        0x080001a9   Thumb Code     2  startup_stm32f10x_md.o(.text)
    BusFault_Handler                         0x080001ab   Thumb Code     2  startup_stm32f10x_md.o(.text)
    UsageFault_Handler                       0x080001ad   Thumb Code     2  startup_stm32f10x_md.o(.text)
    SVC_Handler                              0x080001af   Thumb Code     2  startup_stm32f10x_md.o(.text)
    DebugMon_Handler                         0x080001b1   Thumb Code     2  startup_stm32f10x_md.o(.text)
    PendSV_Handler                           0x080001b3   Thumb Code     2  startup_stm32f10x_md.o(.text)
    SysTick_Handler                          0x080001b5   Thumb Code     2  startup_stm32f10x_md.o(.text)
    ADC1_2_IRQHandler                        0x080001b7   Thumb Code     0  startup_stm32f10x_md.o(.text)
    CAN1_RX1_IRQHandler                      0x080001b7   Thumb Code     0  startup_stm32f10x_md.o(.text)
    CAN1_SCE_IRQHandler                      0x080001b7   Thumb Code     0  startup_stm32f10x_md.o(.text)
    DMA1_Channel1_IRQHandler                 0x080001b7   Thumb Code     0  startup_stm32f10x_md.o(.text)
    DMA1_Channel2_IRQHandler                 0x080001b7   Thumb Code     0  startup_stm32f10x_md.o(.text)
    DMA1_Channel3_IRQHandler                 0x080001b7   Thumb Code     0  startup_stm32f10x_md.o(.text)
    DMA1_Channel4_IRQHandler                 0x080001b7   Thumb Code     0  startup_stm32f10x_md.o(.text)
    DMA1_Channel5_IRQHandler                 0x080001b7   Thumb Code     0  startup_stm32f10x_md.o(.text)
    DMA1_Channel6_IRQHandler                 0x080001b7   Thumb Code     0  startup_stm32f10x_md.o(.text)
    DMA1_Channel7_IRQHandler                 0x080001b7   Thumb Code     0  startup_stm32f10x_md.o(.text)
    EXTI15_10_IRQHandler                     0x080001b7   Thumb Code     0  startup_stm32f10x_md.o(.text)
    EXTI1_IRQHandler                         0x080001b7   Thumb Code     0  startup_stm32f10x_md.o(.text)
    EXTI2_IRQHandler                         0x080001b7   Thumb Code     0  startup_stm32f10x_md.o(.text)
    EXTI3_IRQHandler                         0x080001b7   Thumb Code     0  startup_stm32f10x_md.o(.text)
    EXTI4_IRQHandler                         0x080001b7   Thumb Code     0  startup_stm32f10x_md.o(.text)
    EXTI9_5_IRQHandler                       0x080001b7   Thumb Code     0  startup_stm32f10x_md.o(.text)
    FLASH_IRQHandler                         0x080001b7   Thumb Code     0  startup_stm32f10x_md.o(.text)
    I2C1_ER_IRQHandler                       0x080001b7   Thumb Code     0  startup_stm32f10x_md.o(.text)
    I2C1_EV_IRQHandler                       0x080001b7   Thumb Code     0  startup_stm32f10x_md.o(.text)
    I2C2_ER_IRQHandler                       0x080001b7   Thumb Code     0  startup_stm32f10x_md.o(.text)
    I2C2_EV_IRQHandler                       0x080001b7   Thumb Code     0  startup_stm32f10x_md.o(.text)
    PVD_IRQHandler                           0x080001b7   Thumb Code     0  startup_stm32f10x_md.o(.text)
    RCC_IRQHandler                           0x080001b7   Thumb Code     0  startup_stm32f10x_md.o(.text)
    RTCAlarm_IRQHandler                      0x080001b7   Thumb Code     0  startup_stm32f10x_md.o(.text)
    RTC_IRQHandler                           0x080001b7   Thumb Code     0  startup_stm32f10x_md.o(.text)
    SPI1_IRQHandler                          0x080001b7   Thumb Code     0  startup_stm32f10x_md.o(.text)
    SPI2_IRQHandler                          0x080001b7   Thumb Code     0  startup_stm32f10x_md.o(.text)
    TAMPER_IRQHandler                        0x080001b7   Thumb Code     0  startup_stm32f10x_md.o(.text)
    TIM1_BRK_IRQHandler                      0x080001b7   Thumb Code     0  startup_stm32f10x_md.o(.text)
    TIM1_CC_IRQHandler                       0x080001b7   Thumb Code     0  startup_stm32f10x_md.o(.text)
    TIM1_TRG_COM_IRQHandler                  0x080001b7   Thumb Code     0  startup_stm32f10x_md.o(.text)
    TIM1_UP_IRQHandler                       0x080001b7   Thumb Code     0  startup_stm32f10x_md.o(.text)
    TIM2_IRQHandler                          0x080001b7   Thumb Code     0  startup_stm32f10x_md.o(.text)
    TIM3_IRQHandler                          0x080001b7   Thumb Code     0  startup_stm32f10x_md.o(.text)
    TIM4_IRQHandler                          0x080001b7   Thumb Code     0  startup_stm32f10x_md.o(.text)
    USART3_IRQHandler                        0x080001b7   Thumb Code     0  startup_stm32f10x_md.o(.text)
    USBWakeUp_IRQHandler                     0x080001b7   Thumb Code     0  startup_stm32f10x_md.o(.text)
    USB_HP_CAN1_TX_IRQHandler                0x080001b7   Thumb Code     0  startup_stm32f10x_md.o(.text)
    USB_LP_CAN1_RX0_IRQHandler               0x080001b7   Thumb Code     0  startup_stm32f10x_md.o(.text)
    WWDG_IRQHandler                          0x080001b7   Thumb Code     0  startup_stm32f10x_md.o(.text)
    __user_initial_stackheap                 0x080001b9   Thumb Code     0  startup_stm32f10x_md.o(.text)
    __2sprintf                               0x080001dd   Thumb Code    34  noretval__2sprintf.o(.text)
    __printf                                 0x08000205   Thumb Code   104  __printf.o(.text)
    _printf_str                              0x0800026d   Thumb Code    82  _printf_str.o(.text)
    _printf_int_dec                          0x080002c1   Thumb Code   104  _printf_dec.o(.text)
    strlen                                   0x08000339   Thumb Code    62  strlen.o(.text)
    __aeabi_memclr4                          0x08000377   Thumb Code     0  rt_memclr_w.o(.text)
    __aeabi_memclr8                          0x08000377   Thumb Code     0  rt_memclr_w.o(.text)
    __rt_memclr_w                            0x08000377   Thumb Code    78  rt_memclr_w.o(.text)
    _memset_w                                0x0800037b   Thumb Code     0  rt_memclr_w.o(.text)
    __use_two_region_memory                  0x080003c5   Thumb Code     2  heapauxi.o(.text)
    __rt_heap_escrow$2region                 0x080003c7   Thumb Code     2  heapauxi.o(.text)
    __rt_heap_expand$2region                 0x080003c9   Thumb Code     2  heapauxi.o(.text)
    _printf_int_common                       0x080003cb   Thumb Code   178  _printf_intcommon.o(.text)
    _printf_char_common                      0x08000487   Thumb Code    32  _printf_char_common.o(.text)
    _sputc                                   0x080004ad   Thumb Code    10  _sputc.o(.text)
    _printf_cs_common                        0x080004b7   Thumb Code    20  _printf_char.o(.text)
    _printf_char                             0x080004cb   Thumb Code    16  _printf_char.o(.text)
    _printf_string                           0x080004db   Thumb Code     8  _printf_char.o(.text)
    __user_setup_stackheap                   0x080004e3   Thumb Code    74  sys_stackheap_outer.o(.text)
    exit                                     0x0800052d   Thumb Code    18  exit.o(.text)
    __user_libspace                          0x08000541   Thumb Code     8  libspace.o(.text)
    __user_perproc_libspace                  0x08000541   Thumb Code     0  libspace.o(.text)
    __user_perthread_libspace                0x08000541   Thumb Code     0  libspace.o(.text)
    _sys_exit                                0x08000549   Thumb Code     8  sys_exit.o(.text)
    __I$use$semihosting                      0x08000555   Thumb Code     0  use_no_semi.o(.text)
    __use_no_semihosting_swi                 0x08000555   Thumb Code     2  use_no_semi.o(.text)
    __semihosting_library_function           0x08000557   Thumb Code     0  indicate_semi.o(.text)
    BUTTON_INIT                              0x08000559   Thumb Code   104  bsp.o(i.BUTTON_INIT)
    Comm_SendStringIn_tx_Buff                0x080005d1   Thumb Code    22  comm_uart.o(i.Comm_SendStringIn_tx_Buff)
    Comm_StoreIn_rx_Buff                     0x080005e9   Thumb Code    40  comm_uart.o(i.Comm_StoreIn_rx_Buff)
    Comm_StoreIn_tx_Buff                     0x08000615   Thumb Code    62  comm_uart.o(i.Comm_StoreIn_tx_Buff)
    Comm_UART_Init                           0x0800065d   Thumb Code    80  comm_uart.o(i.Comm_UART_Init)
    DelayMillis                              0x080006b9   Thumb Code    30  bsp.o(i.DelayMillis)
    DelayMs                                  0x080006dd   Thumb Code    18  bsp.o(i.DelayMs)
    ESP_CheckForString                       0x080006f1   Thumb Code   132  esp_uart.o(i.ESP_CheckForString)
    ESP_CopyUpto                             0x08000779   Thumb Code   122  esp_uart.o(i.ESP_CopyUpto)
    ESP_GetAfter                             0x080007f5   Thumb Code   184  esp_uart.o(i.ESP_GetAfter)
    ESP_GetLinkID                            0x080008b1   Thumb Code    24  esp_app.o(i.ESP_GetLinkID)
    ESP_Init                                 0x080008d1   Thumb Code   124  esp_app.o(i.ESP_Init)
    ESP_SendCommand                          0x080009b5   Thumb Code    78  esp_uart.o(i.ESP_SendCommand)
    ESP_SendStringIn_tx_Buff                 0x08000a15   Thumb Code    22  esp_uart.o(i.ESP_SendStringIn_tx_Buff)
    ESP_Send_WebPage                         0x08000a2d   Thumb Code    98  esp_app.o(i.ESP_Send_WebPage)
    ESP_StoreIn_rx_Buff                      0x08000ac5   Thumb Code    50  esp_uart.o(i.ESP_StoreIn_rx_Buff)
    ESP_StoreIn_tx_Buff                      0x08000afd   Thumb Code    52  esp_uart.o(i.ESP_StoreIn_tx_Buff)
    ESP_UART_Flush                           0x08000b39   Thumb Code    26  esp_uart.o(i.ESP_UART_Flush)
    ESP_UART_Init                            0x08000b59   Thumb Code    78  esp_uart.o(i.ESP_UART_Init)
    EXTI0_IRQHandler                         0x08000bb5   Thumb Code    58  bsp.o(i.EXTI0_IRQHandler)
    GetData_From_Web                         0x08000bf9   Thumb Code    50  esp_uart.o(i.GetData_From_Web)
    LED_Function                             0x08000c51   Thumb Code    60  bsp.o(i.LED_Function)
    LED_INIT                                 0x08000c95   Thumb Code    46  bsp.o(i.LED_INIT)
    LED_Toggle                               0x08000ccd   Thumb Code    48  bsp.o(i.LED_Toggle)
    MATRIX_DISP_CLEAR                        0x08000d05   Thumb Code    32  matrix_disp.o(i.MATRIX_DISP_CLEAR)
    MATRIX_DISP_INIT                         0x08000d29   Thumb Code    44  matrix_disp.o(i.MATRIX_DISP_INIT)
    MATRIX_DISP_Scroll                       0x08000d55   Thumb Code   128  matrix_disp.o(i.MATRIX_DISP_Scroll)
    MATRIX_DISP_Scroll_String                0x08000dd5   Thumb Code   102  matrix_disp.o(i.MATRIX_DISP_Scroll_String)
    MATRIX_Display_GPIO_INIT                 0x08000ea5   Thumb Code    56  bsp.o(i.MATRIX_Display_GPIO_INIT)
    MATRIX_Display_WritePIN                  0x08000ee5   Thumb Code    34  bsp.o(i.MATRIX_Display_WritePIN)
    SystemInit                               0x08000ff5   Thumb Code    78  system_stm32f10x.o(i.SystemInit)
    USART1_IRQHandler                        0x08001055   Thumb Code   122  comm_uart.o(i.USART1_IRQHandler)
    USART2_IRQHandler                        0x080010d9   Thumb Code   122  esp_uart.o(i.USART2_IRQHandler)
    main                                     0x0800115d   Thumb Code   124  main.o(i.main)
    systick_init                             0x0800121d   Thumb Code    30  bsp.o(i.systick_init)
    web_page_manager                         0x0800123d   Thumb Code    62  esp_app.o(i.web_page_manager)
    write_byteTo_Display                     0x080012b5   Thumb Code    46  matrix_disp.o(i.write_byteTo_Display)
    write_to_Display                         0x080012e3   Thumb Code    36  matrix_disp.o(i.write_to_Display)
    Region$$Table$$Base                      0x080014c4   Number         0  anon$$obj.o(Region$$Table)
    Region$$Table$$Limit                     0x080014e4   Number         0  anon$$obj.o(Region$$Table)
    led_status                               0x20000000   Data           4  main.o(.data)
    conn_status                              0x20000004   Data           4  main.o(.data)
    wifi_status                              0x20000008   Data           4  main.o(.data)
    home                                     0x2000000c   Data           4  esp_app.o(.data)
    page1                                    0x20000010   Data           4  esp_app.o(.data)
    disp1ay                                  0x20000014   Data         208  matrix_disp.o(.data)
    display_clear                            0x200000e4   Data           8  matrix_disp.o(.data)
    DEBUG                                    0x200000ec   Data         100  main.o(.bss)
    comm_rx                                  0x20000150   Data        1008  comm_uart.o(.bss)
    comm_tx                                  0x20000540   Data        1008  comm_uart.o(.bss)
    esp_rx                                   0x20000930   Data        1012  esp_uart.o(.bss)
    esp_tx                                   0x20000d24   Data        1012  esp_uart.o(.bss)
    DEBUG1                                   0x20001118   Data         100  esp_uart.o(.bss)
    string_buffer                            0x2000117c   Data         200  esp_uart.o(.bss)
    DEBUG2                                   0x20001244   Data         100  matrix_disp.o(.bss)
    __libspace_start                         0x200012a8   Data          96  libspace.o(.bss)
    __temporary_stack_top$libspace           0x20001308   Data           0  libspace.o(.bss)



==============================================================================

Memory Map of the image

  Image Entry point : 0x080000ed

  Load Region LR_IROM1 (Base: 0x08000000, Size: 0x000015d0, Max: 0x00010000, ABSOLUTE)

    Execution Region ER_IROM1 (Base: 0x08000000, Size: 0x000014e4, Max: 0x00010000, ABSOLUTE)

    Base Addr    Size         Type   Attr      Idx    E Section Name        Object

    0x08000000   0x000000ec   Data   RO          470    RESET               startup_stm32f10x_md.o
    0x080000ec   0x00000008   Code   RO          563  * !!!main             c_w.l(__main.o)
    0x080000f4   0x00000034   Code   RO          731    !!!scatter          c_w.l(__scatter.o)
    0x08000128   0x0000001a   Code   RO          733    !!handler_copy      c_w.l(__scatter_copy.o)
    0x08000142   0x00000002   PAD
    0x08000144   0x0000001c   Code   RO          735    !!handler_zi        c_w.l(__scatter_zi.o)
    0x08000160   0x00000000   Code   RO          556    .ARM.Collect$$_printf_percent$$00000000  c_w.l(_printf_percent.o)
    0x08000160   0x00000006   Code   RO          555    .ARM.Collect$$_printf_percent$$00000009  c_w.l(_printf_d.o)
    0x08000166   0x00000006   Code   RO          553    .ARM.Collect$$_printf_percent$$00000013  c_w.l(_printf_c.o)
    0x0800016c   0x00000006   Code   RO          554    .ARM.Collect$$_printf_percent$$00000014  c_w.l(_printf_s.o)
    0x08000172   0x00000004   Code   RO          574    .ARM.Collect$$_printf_percent$$00000017  c_w.l(_printf_percent_end.o)
    0x08000176   0x00000002   Code   RO          601    .ARM.Collect$$libinit$$00000000  c_w.l(libinit.o)
    0x08000178   0x00000000   Code   RO          608    .ARM.Collect$$libinit$$00000002  c_w.l(libinit2.o)
    0x08000178   0x00000000   Code   RO          610    .ARM.Collect$$libinit$$00000004  c_w.l(libinit2.o)
    0x08000178   0x00000000   Code   RO          613    .ARM.Collect$$libinit$$0000000A  c_w.l(libinit2.o)
    0x08000178   0x00000000   Code   RO          615    .ARM.Collect$$libinit$$0000000C  c_w.l(libinit2.o)
    0x08000178   0x00000000   Code   RO          617    .ARM.Collect$$libinit$$0000000E  c_w.l(libinit2.o)
    0x08000178   0x00000000   Code   RO          620    .ARM.Collect$$libinit$$00000011  c_w.l(libinit2.o)
    0x08000178   0x00000000   Code   RO          622    .ARM.Collect$$libinit$$00000013  c_w.l(libinit2.o)
    0x08000178   0x00000000   Code   RO          624    .ARM.Collect$$libinit$$00000015  c_w.l(libinit2.o)
    0x08000178   0x00000000   Code   RO          626    .ARM.Collect$$libinit$$00000017  c_w.l(libinit2.o)
    0x08000178   0x00000000   Code   RO          628    .ARM.Collect$$libinit$$00000019  c_w.l(libinit2.o)
    0x08000178   0x00000000   Code   RO          630    .ARM.Collect$$libinit$$0000001B  c_w.l(libinit2.o)
    0x08000178   0x00000000   Code   RO          632    .ARM.Collect$$libinit$$0000001D  c_w.l(libinit2.o)
    0x08000178   0x00000000   Code   RO          634    .ARM.Collect$$libinit$$0000001F  c_w.l(libinit2.o)
    0x08000178   0x00000000   Code   RO          636    .ARM.Collect$$libinit$$00000021  c_w.l(libinit2.o)
    0x08000178   0x00000000   Code   RO          638    .ARM.Collect$$libinit$$00000023  c_w.l(libinit2.o)
    0x08000178   0x00000000   Code   RO          640    .ARM.Collect$$libinit$$00000025  c_w.l(libinit2.o)
    0x08000178   0x00000000   Code   RO          644    .ARM.Collect$$libinit$$0000002C  c_w.l(libinit2.o)
    0x08000178   0x00000000   Code   RO          646    .ARM.Collect$$libinit$$0000002E  c_w.l(libinit2.o)
    0x08000178   0x00000000   Code   RO          648    .ARM.Collect$$libinit$$00000030  c_w.l(libinit2.o)
    0x08000178   0x00000000   Code   RO          650    .ARM.Collect$$libinit$$00000032  c_w.l(libinit2.o)
    0x08000178   0x00000002   Code   RO          651    .ARM.Collect$$libinit$$00000033  c_w.l(libinit2.o)
    0x0800017a   0x00000002   Code   RO          671    .ARM.Collect$$libshutdown$$00000000  c_w.l(libshutdown.o)
    0x0800017c   0x00000000   Code   RO          684    .ARM.Collect$$libshutdown$$00000002  c_w.l(libshutdown2.o)
    0x0800017c   0x00000000   Code   RO          686    .ARM.Collect$$libshutdown$$00000004  c_w.l(libshutdown2.o)
    0x0800017c   0x00000000   Code   RO          689    .ARM.Collect$$libshutdown$$00000007  c_w.l(libshutdown2.o)
    0x0800017c   0x00000000   Code   RO          692    .ARM.Collect$$libshutdown$$0000000A  c_w.l(libshutdown2.o)
    0x0800017c   0x00000000   Code   RO          694    .ARM.Collect$$libshutdown$$0000000C  c_w.l(libshutdown2.o)
    0x0800017c   0x00000000   Code   RO          697    .ARM.Collect$$libshutdown$$0000000F  c_w.l(libshutdown2.o)
    0x0800017c   0x00000002   Code   RO          698    .ARM.Collect$$libshutdown$$00000010  c_w.l(libshutdown2.o)
    0x0800017e   0x00000000   Code   RO          565    .ARM.Collect$$rtentry$$00000000  c_w.l(__rtentry.o)
    0x0800017e   0x00000000   Code   RO          576    .ARM.Collect$$rtentry$$00000002  c_w.l(__rtentry2.o)
    0x0800017e   0x00000006   Code   RO          588    .ARM.Collect$$rtentry$$00000004  c_w.l(__rtentry4.o)
    0x08000184   0x00000000   Code   RO          578    .ARM.Collect$$rtentry$$00000009  c_w.l(__rtentry2.o)
    0x08000184   0x00000004   Code   RO          579    .ARM.Collect$$rtentry$$0000000A  c_w.l(__rtentry2.o)
    0x08000188   0x00000000   Code   RO          581    .ARM.Collect$$rtentry$$0000000C  c_w.l(__rtentry2.o)
    0x08000188   0x00000008   Code   RO          582    .ARM.Collect$$rtentry$$0000000D  c_w.l(__rtentry2.o)
    0x08000190   0x00000002   Code   RO          605    .ARM.Collect$$rtexit$$00000000  c_w.l(rtexit.o)
    0x08000192   0x00000000   Code   RO          653    .ARM.Collect$$rtexit$$00000002  c_w.l(rtexit2.o)
    0x08000192   0x00000004   Code   RO          654    .ARM.Collect$$rtexit$$00000003  c_w.l(rtexit2.o)
    0x08000196   0x00000006   Code   RO          655    .ARM.Collect$$rtexit$$00000004  c_w.l(rtexit2.o)
    0x0800019c   0x00000040   Code   RO          471    .text               startup_stm32f10x_md.o
    0x080001dc   0x00000028   Code   RO          525    .text               c_w.l(noretval__2sprintf.o)
    0x08000204   0x00000068   Code   RO          527    .text               c_w.l(__printf.o)
    0x0800026c   0x00000052   Code   RO          529    .text               c_w.l(_printf_str.o)
    0x080002be   0x00000002   PAD
    0x080002c0   0x00000078   Code   RO          531    .text               c_w.l(_printf_dec.o)
    0x08000338   0x0000003e   Code   RO          557    .text               c_w.l(strlen.o)
    0x08000376   0x0000004e   Code   RO          559    .text               c_w.l(rt_memclr_w.o)
    0x080003c4   0x00000006   Code   RO          561    .text               c_w.l(heapauxi.o)
    0x080003ca   0x000000b2   Code   RO          566    .text               c_w.l(_printf_intcommon.o)
    0x0800047c   0x00000030   Code   RO          568    .text               c_w.l(_printf_char_common.o)
    0x080004ac   0x0000000a   Code   RO          570    .text               c_w.l(_sputc.o)
    0x080004b6   0x0000002c   Code   RO          572    .text               c_w.l(_printf_char.o)
    0x080004e2   0x0000004a   Code   RO          592    .text               c_w.l(sys_stackheap_outer.o)
    0x0800052c   0x00000012   Code   RO          594    .text               c_w.l(exit.o)
    0x0800053e   0x00000002   PAD
    0x08000540   0x00000008   Code   RO          602    .text               c_w.l(libspace.o)
    0x08000548   0x0000000c   Code   RO          663    .text               c_w.l(sys_exit.o)
    0x08000554   0x00000002   Code   RO          674    .text               c_w.l(use_no_semi.o)
    0x08000556   0x00000000   Code   RO          676    .text               c_w.l(indicate_semi.o)
    0x08000556   0x00000002   PAD
    0x08000558   0x00000078   Code   RO          279    i.BUTTON_INIT       bsp.o
    0x080005d0   0x00000016   Code   RO           90    i.Comm_SendStringIn_tx_Buff  comm_uart.o
    0x080005e6   0x00000002   PAD
    0x080005e8   0x0000002c   Code   RO           91    i.Comm_StoreIn_rx_Buff  comm_uart.o
    0x08000614   0x00000048   Code   RO           92    i.Comm_StoreIn_tx_Buff  comm_uart.o
    0x0800065c   0x0000005c   Code   RO           94    i.Comm_UART_Init    comm_uart.o
    0x080006b8   0x00000024   Code   RO          280    i.DelayMillis       bsp.o
    0x080006dc   0x00000012   Code   RO          281    i.DelayMs           bsp.o
    0x080006ee   0x00000002   PAD
    0x080006f0   0x00000088   Code   RO          167    i.ESP_CheckForString  esp_uart.o
    0x08000778   0x0000007a   Code   RO          168    i.ESP_CopyUpto      esp_uart.o
    0x080007f2   0x00000002   PAD
    0x080007f4   0x000000bc   Code   RO          170    i.ESP_GetAfter      esp_uart.o
    0x080008b0   0x00000020   Code   RO          357    i.ESP_GetLinkID     esp_app.o
    0x080008d0   0x000000e4   Code   RO          358    i.ESP_Init          esp_app.o
    0x080009b4   0x00000060   Code   RO          172    i.ESP_SendCommand   esp_uart.o
    0x08000a14   0x00000016   Code   RO          173    i.ESP_SendStringIn_tx_Buff  esp_uart.o
    0x08000a2a   0x00000002   PAD
    0x08000a2c   0x00000098   Code   RO          359    i.ESP_Send_WebPage  esp_app.o
    0x08000ac4   0x00000038   Code   RO          174    i.ESP_StoreIn_rx_Buff  esp_uart.o
    0x08000afc   0x0000003c   Code   RO          175    i.ESP_StoreIn_tx_Buff  esp_uart.o
    0x08000b38   0x00000020   Code   RO          176    i.ESP_UART_Flush    esp_uart.o
    0x08000b58   0x0000005c   Code   RO          177    i.ESP_UART_Init     esp_uart.o
    0x08000bb4   0x00000044   Code   RO          282    i.EXTI0_IRQHandler  bsp.o
    0x08000bf8   0x00000058   Code   RO          178    i.GetData_From_Web  esp_uart.o
    0x08000c50   0x00000044   Code   RO          283    i.LED_Function      bsp.o
    0x08000c94   0x00000038   Code   RO          284    i.LED_INIT          bsp.o
    0x08000ccc   0x00000038   Code   RO          285    i.LED_Toggle        bsp.o
    0x08000d04   0x00000024   Code   RO          407    i.MATRIX_DISP_CLEAR  matrix_disp.o
    0x08000d28   0x0000002c   Code   RO          408    i.MATRIX_DISP_INIT  matrix_disp.o
    0x08000d54   0x00000080   Code   RO          409    i.MATRIX_DISP_Scroll  matrix_disp.o
    0x08000dd4   0x000000d0   Code   RO          410    i.MATRIX_DISP_Scroll_String  matrix_disp.o
    0x08000ea4   0x00000040   Code   RO          286    i.MATRIX_Display_GPIO_INIT  bsp.o
    0x08000ee4   0x00000028   Code   RO          287    i.MATRIX_Display_WritePIN  bsp.o
    0x08000f0c   0x00000008   Code   RO          478    i.SetSysClock       system_stm32f10x.o
    0x08000f14   0x000000e0   Code   RO          479    i.SetSysClockTo72   system_stm32f10x.o
    0x08000ff4   0x00000060   Code   RO          481    i.SystemInit        system_stm32f10x.o
    0x08001054   0x00000084   Code   RO           96    i.USART1_IRQHandler  comm_uart.o
    0x080010d8   0x00000084   Code   RO          180    i.USART2_IRQHandler  esp_uart.o
    0x0800115c   0x000000c0   Code   RO            4    i.main              main.o
    0x0800121c   0x0000001e   Code   RO          288    i.systick_init      bsp.o
    0x0800123a   0x00000002   PAD
    0x0800123c   0x00000078   Code   RO          360    i.web_page_manager  esp_app.o
    0x080012b4   0x0000002e   Code   RO          411    i.write_byteTo_Display  matrix_disp.o
    0x080012e2   0x00000024   Code   RO          412    i.write_to_Display  matrix_disp.o
    0x08001306   0x00000002   PAD
    0x08001308   0x000001bb   Data   RO          361    .conststring        esp_app.o
    0x080014c3   0x00000001   PAD
    0x080014c4   0x00000020   Data   RO          729    Region$$Table       anon$$obj.o


    Execution Region RW_IRAM1 (Base: 0x20000000, Size: 0x00001908, Max: 0x00005000, ABSOLUTE)

    Base Addr    Size         Type   Attr      Idx    E Section Name        Object

    0x20000000   0x0000000c   Data   RW            6    .data               main.o
    0x2000000c   0x00000008   Data   RW          362    .data               esp_app.o
    0x20000014   0x000000d8   Data   RW          414    .data               matrix_disp.o
    0x200000ec   0x00000064   Zero   RW            5    .bss                main.o
    0x20000150   0x000007e0   Zero   RW           97    .bss                comm_uart.o
    0x20000930   0x00000914   Zero   RW          181    .bss                esp_uart.o
    0x20001244   0x00000064   Zero   RW          413    .bss                matrix_disp.o
    0x200012a8   0x00000060   Zero   RW          603    .bss                c_w.l(libspace.o)
    0x20001308   0x00000200   Zero   RW          469    HEAP                startup_stm32f10x_md.o
    0x20001508   0x00000400   Zero   RW          468    STACK               startup_stm32f10x_md.o


==============================================================================

Image component sizes


      Code (inc. data)   RO Data    RW Data    ZI Data      Debug   Object Name

       556         72          0          0          0       4708   bsp.o
       362         36          0          0       2016      27796   comm_uart.o
       532        224        443          8          0       2934   esp_app.o
      1024        108          0          0       2324       8489   esp_uart.o
       192         68          0         12        100     208262   main.o
       498        110          0        216        100       4413   matrix_disp.o
        64         26        236          0       1536        848   startup_stm32f10x_md.o
       328         28          0          0          0       2101   system_stm32f10x.o

    ----------------------------------------------------------------------
      3568        672        712        236       6076     259551   Object Totals
         0          0         32          0          0          0   (incl. Generated)
        12          0          1          0          0          0   (incl. Padding)

    ----------------------------------------------------------------------

      Code (inc. data)   RO Data    RW Data    ZI Data      Debug   Library Member Name

         8          0          0          0          0         68   __main.o
       104          0          0          0          0         84   __printf.o
         0          0          0          0          0          0   __rtentry.o
        12          0          0          0          0          0   __rtentry2.o
         6          0          0          0          0          0   __rtentry4.o
        52          8          0          0          0          0   __scatter.o
        26          0          0          0          0          0   __scatter_copy.o
        28          0          0          0          0          0   __scatter_zi.o
         6          0          0          0          0          0   _printf_c.o
        44          0          0          0          0        108   _printf_char.o
        48          6          0          0          0         96   _printf_char_common.o
         6          0          0          0          0          0   _printf_d.o
       120         16          0          0          0         92   _printf_dec.o
       178          0          0          0          0         88   _printf_intcommon.o
         0          0          0          0          0          0   _printf_percent.o
         4          0          0          0          0          0   _printf_percent_end.o
         6          0          0          0          0          0   _printf_s.o
        82          0          0          0          0         80   _printf_str.o
        10          0          0          0          0         68   _sputc.o
        18          0          0          0          0         80   exit.o
         6          0          0          0          0        152   heapauxi.o
         0          0          0          0          0          0   indicate_semi.o
         2          0          0          0          0          0   libinit.o
         2          0          0          0          0          0   libinit2.o
         2          0          0          0          0          0   libshutdown.o
         2          0          0          0          0          0   libshutdown2.o
         8          4          0          0         96         68   libspace.o
        40          6          0          0          0         84   noretval__2sprintf.o
        78          0          0          0          0         80   rt_memclr_w.o
         2          0          0          0          0          0   rtexit.o
        10          0          0          0          0          0   rtexit2.o
        62          0          0          0          0         76   strlen.o
        12          4          0          0          0         68   sys_exit.o
        74          0          0          0          0         80   sys_stackheap_outer.o
         2          0          0          0          0         68   use_no_semi.o

    ----------------------------------------------------------------------
      1068         44          0          0         96       1440   Library Totals
         8          0          0          0          0          0   (incl. Padding)

    ----------------------------------------------------------------------

      Code (inc. data)   RO Data    RW Data    ZI Data      Debug   Library Name

      1060         44          0          0         96       1440   c_w.l

    ----------------------------------------------------------------------
      1068         44          0          0         96       1440   Library Totals

    ----------------------------------------------------------------------

==============================================================================


      Code (inc. data)   RO Data    RW Data    ZI Data      Debug   

      4636        716        712        236       6172     258387   Grand Totals
      4636        716        712        236       6172     258387   ELF Image Totals
      4636        716        712        236          0          0   ROM Totals

==============================================================================

    Total RO  Size (Code + RO Data)                 5348 (   5.22kB)
    Total RW  Size (RW Data + ZI Data)              6408 (   6.26kB)
    Total ROM Size (Code + RO Data + RW Data)       5584 (   5.45kB)

==============================================================================

